ï¿½ets Jun  8 2016 00:22:57

rst:0x3 (SW_RESET),boot:0x13 (SPI_FAST_FLASH_BOOT)
configsip: 0, SPIWP:0xee
clk_drv:0x00,q_drv:0x00,d_drv:0x00,cs0_drv:0x00,hd_drv:0x00,wp_drv:0x00
mode:DIO, clock div:2
load:0x3fff0030,len:7176
load:0x40078000,len:15564
ho 0 tail 12 room 4
load:0x40080400,len:4
load:0x40080404,len:3904
entry 0x40080640
[0;32mI (60) boot: ESP-IDF v5.3.1 2nd stage bootloader[0m
[0;32ï¿½Yjï¿½ï¿½ 21 2025 12:30:20[0m
[0;32mI (60) boot: Multicore bootloader[0m
[0;32mI (65) boot: chip revision: v1.1[0m
ets Jun  8 2016 00:22:57

rst:0x1 (POWERON_RESET),boot:0x13 (SPI_FAST_FLASH_BOOT)
configsip: 0, SPIWP:0xee
clk_drv:0x00,q_drv:0x00,d_drv:0x00,cs0_drv:0x00,hd_drv:0x00,wp_drv:0x00
mode:DIO, clock div:2
load:0x3fff0030,len:7176
load:0x40078000,len:1554
ho 0 tail 12 room 4
load:x40080400,len:4
load:0x4080404,len:3904
entry 0x40080640
[0;32mI (30) boot: ESP-IDF v5.3.1 2nd stage bootloader[0m
[0;32mI (30) boot: compile time Mar 21 2025 12:30:20[0m
[0;32mI (30) boot: Multicore bootloader[0m
[0;32mI (34) boot: chip revision: v1.1[0m
[0;32mI (38) boot.esp32: SPI Speed      : 40MHz[0m
[0;32mI (43) boot.esp32: SPI Mode       : DIO[0m
[0;32mI (47) boot.esp32: SPI Flash Size : 2MB[0m
[0;32mI (52) boot: Enabling RNG early entropy source...[0m
[0;32mI (57) boot: Partition Table:[0m
[0;32mI (61) boot: ## Label            Usage          Type ST Offset   Length[0m
[0;32mI (68) boot:  0 nvs              WiFi data        01 02 00009000 00006000[0m
[0;32mI (76) boot:  1 phy_init         RF data          01 01 0000f000 00001000[0m
[0;32mI (83) boot:  2 factory          factory app      00 00 00010000 00100000[0m
[0;32mI (91) boot: End of partition table[0m
[0;32mI (95) esp_image: segment 0: paddr=00010020 vaddr=3f400020 size=27ad8h (162520) map[0m
[0;32mI (159) esp_image: segment 1: paddr=00037b00 vaddr=3ffb0000 size=0508ch ( 20620) load[0m
[0;32mI (167) esp_image: segment 2: paddr=0003cb94 vaddr=40080000 size=03484h ( 13444) load[0m
[0;32mI (172) esp_image: segment 3: paddr=00040020 vaddr=400d0020 size=9b86ch (637036) map[0m
[0;32mI (392) esp_image: segment 4: paddr=000db894 vaddr=40083484 size=15cf0h ( 89328) load[0m
[0;32mI (440) boot: Loaded app from partition at offset 0x10000[0m
[0;32mI (440) boot: Disabling RNG early entropy source...[0m
[0;32mI (452) cpu_start: Multicore app[0m
[0;32mI (460) cpu_start: Pro cpu start user code[0m
[0;32mI (460) cpu_start: cpu freq: 160000000 Hz[0m
[0;32mI (460) app_init: Application information:[0m
[0;32mI (463) app_init: Project name:     hello_world[0m
[0;32mI (468) app_init: App version:      1[0m
[0;32mI (473) app_init: Compile time:     Mar 21 2025 12:29:34[0m
[0;32mI (479) app_init: ELF file SHA256:  84c90efbe...[0m
[0;32mI (484) app_init: ESP-IDF:          v5.3.1[0m
[0;32mI (489) efuse_init: Min chip rev:     v0.0[0m
[0;32mI (493) efuse_init: Max chip rev:     v3.99 [0m
[0;32mI (498) efuse_init: Chip rev:         v1.1[0m
[0;32mI (503) heap_init: Initializing. RAM available for dynamic allocation:[0m
[0;32mI (511) heap_init: At 3FFAE6E0 len 00001920 (6 KiB): DRAM[0m
[0;32mI (516) heap_init: At 3FFBB290 len 00024D70 (147 KiB): DRAM[0m
[0;32mI (523) heap_init: At 3FFE0440 len 00003AE0 (14 KiB): D/IRAM[0m
[0;32mI (529) heap_init: At 3FFE4350 len 0001BCB0 (111 KiB): D/IRAM[0m
[0;32mI (535) heap_init: At 40099174 len 00006E8C (27 KiB): IRAM[0m
[0;32mI (543) spi_flash: detected chip: generic[0m
[0;32mI (546) spi_flash: flash io: dio[0m
[0;33mW (550) spi_flash: Detected size(4096k) larger than the size in the binary image header(2048k). Using the size in the binary image header.[0m
[0;33mW (563) i2c: This driver is an old driver, please migrate your application code to adapt `driver/i2c_master.h`[0m
[0;32mI (575) main_task: Started on CPU0[0m
[0;32mI (585) main_task: Calling app_main()[0m
[0;32mI (615) wifi:wifi driver task: 3ffc321c, prio:23, stack:6656, core=0[0m
[0;32mI (625) wifi:wifi firmware version: ccaebfa[0m
[0;32mI (625) wifi:wifi certification version: v7.0[0m
[0;32mI (625) wifi:config NVS flash: enabled[0m
[0;32mI (625) wifi:config nano formating: disabled[0m
[0;32mI (625) wifi:Init data frame dynamic rx buffer num: 32[0m
[0;32mI (635) wifi:Init static rx mgmt buffer num: 5[0m
[0;32mI (635) wifi:Init management short buffer num: 32[0m
[0;32mI (645) wifi:Init dynamic tx buffer num: 32[0m
[0;32mI (645) wifi:Init static rx buffer size: 1600[0m
[0;32mI (655) wifi:Init static rx buffer num: 10[0m
[0;32mI (655) wifi:Init dynamic rx buffer num: 32[0m
[0;32mI (655) wifi_init: rx ba win: 6[0m
[0;32mI (665) wifi_init: accept mbox: 6[0m
[0;32mI (665) wifi_init: tcpip mbox: 32[0m
[0;32mI (675) wifi_init: udp mbox: 6[0m
[0;32mI (675) wifi_init: tcp mbox: 6[0m
[0;32mI (675) wifi_init: tcp tx win: 5760[0m
[0;32mI (685) wifi_init: tcp rx win: 5760[0m
[0;32mI (685) wifi_init: tcp mss: 1440[0m
[0;32mI (685) wifi_init: WiFi IRAM OP enabled[0m
[0;32mI (695) wifi_init: WiFi RX IRAM OP enabled[0m
[0;33mW (705) wifi:Password length matches WPA2 standards, authmode threshold changes from OPEN to WPA2[0m
[0;32mI (705) phy_init: phy_version 4830,54550f7,Jun 20 2024,14:22:08[0m
[0;33mW (795) phy_init: saving new calibration data because of checksum failure, mode(0)[0m
[0;32mI (875) wifi:mode : sta (f8:b3:b7:7b:a2:34)[0m
[0;32mI (875) wifi:enable tsf[0m
[0;32mI (875) gpio: GPIO[25]| InputEn: 1| OutputEn: 0| OpenDrain: 0| Pullup: 1| Pulldown: 0| Intr:2 [0m
[0;32mI (885) cam_hal: cam init ok[0m
[0;32mI (885) wifi:new:<6,0>, old:<1,0>, ap:<255,255>, sta:<6,0>, prof:1, snd_ch_cfg:0x0[0m
[0;32mI (895) wifi:state: init -> auth (0xb0)[0m
[0;32mI (895) sccb: pin_sda 26 pin_scl 27[0m
[0;32mI (895) sccb: sccb_i2c_port=1[0m
[0;32mI (905) wifi:state: auth -> assoc (0x0)[0m
[0;32mI (905) gpio: GPIO[32]| InputEn: 0| OutputEn: 1| OpenDrain: 0| Pullup: 0| Pulldown: 0| Intr:0 [0m
[0;32mI (915) wifi:state: assoc -> run (0x10)[0m
[0;32mI (935) wifi:connected with ArthiSenthur, aid = 2, channel 6, BW20, bssid = b2:95:12:b6:6a:29[0m
[0;32mI (935) wifi:security: WPA2-PSK, phy: bgn, rssi: -52[0m
[0;32mI (945) wifi:pm start, type: 1[0m

[0;32mI (945) wifi:dp: 1, bi: 102400, li: 3, scale listen interval from 307200 us to 307200 us[0m
[0;32mI (955) camera: Detected camera at address=0x30[0m
[0;32mI (955) camera: Detected OV2640 camera[0m
[0;32mI (955) camera: Camera PID=0x26 VER=0x42 MIDL=0x7f MIDH=0xa2[0m
[0;32mI (995) wifi:dp: 2, bi: 102400, li: 4, scale listen interval from 307200 us to 409600 us[0m
[0;32mI (995) wifi:AP's beacon interval = 102400 us, DTIM period = 2[0m
[0;32mI (1055) cam_hal: buffer_size: 32768, half_buffer_size: 4096, node_buffer_size: 2048, node_cnt: 16, total_cnt: 15[0m
[0;32mI (1055) cam_hal: Allocating 61440 Byte frame buffer in PSRAM[0m
[0;31mE (1065) cam_hal: cam_dma_config(301): frame buffer malloc failed[0m
[0;31mE (1065) cam_hal: cam_config(390): cam_dma_config failed[0m
[0;31mE (1075) camera: Camera config failed with error 0xffffffff[0m
[0;31mE (1085) esp32-cam: Camera init failed with error 0xffffffff[0m
[0;31mE (1085) esp32-cam: Camera initialization failed[0m
[0;32mI (1095) main_task: Returned from app_main()[0m
ï¿½ets Jun  8 2016 00:22:57

rst:0x3 (SW_RESET),boot:0x13 (SPI_FAST_FLASH_BOOTï¿½hï¿½ï¿½ï¿½ï¿½ï¿½Í¥ï¿½: 0, SPIWP:0xee
clk_drv:0x00,q_drv:0x00,d_drv:0x00,cs0_drv:0x00,hd_drv:0x00,wp_drv:0x00
mode:DIO, clock div:2
load:0x3fff0030,len:7176
load:0x40078000,len:15564
ho 0 tail 12 room 4
load:0x40080400,len:4
load:0x40080404,len:3904
entry 0x40080640
[0;32mI (60) boot: ESP-IDF v5.3.1 2nd stage bootloader[0m
[0;32mI (60) boot: compile time Mar 21 2025 12:30:20[0m
[0;32mI (60) boot: Multicore bootloader[0m
[0;32mI (65) boot: chip revision:ï¿½ï¿½MA% Speed      : 40MHz[0m
[0;32mI (74) boot.esp32: SPI Mode       : DIO[0m
[0;32mI (78) boot.esp32: SPets Jun  8 201600:22:57

rst:0x1 POWERO_RESET),boot:0x12 (SI_FAST_FLASH_BOOT)
conigsip: 0, SPIWP:0ee
clk_rv:0x00,q_drv:0x0,d_drv:0x00,ï¿½r:x00
mode:DIO, clock dv:2
lod:0x3fff0030,len:7176
load:0x40078000,le:15564
ho 0 tail 12 rom 4
load:0x40080400,len:4
load:0x40080404,en:3904
sum err:0x6!=0xb0
ts_main.c 371 
ï¿½ï¿½ï¿½ï¿½ï¿½ï¿½Ò’ï¿½ï¿½j

s:0x1(POWERON_EE)bot0x12 (SPI_FATFAHBOT)
configsi:0 PW:0xee
clk_rv00,qdrv0x00,d_drv:ï¿½040dr:0x00,hd_dv:x0w_dr:0x00
mod:IO lckdiv:2
load03ffï¿½ï¿½bï¿½ï¿½7176
la:040700,len:15564
o0 al12 room 4
loaï¿½008400,len4
lod:x08404,le:3904
nty0x080640
[0;32mI (30)ï¿½ets Ju  8 2016 00:22:57

rst:0x1 (POWERON_ESET),boot:0x12 (SPI_FAST_FLASHBOOT)
configsip: 0,SPIWP:0xee
clk_drv:x00,q_drv:0x00,d_drv:0x00,cs0drv:0x00,hd_drv:x00,wp_drv:0x00
mode:DIO, cock div:2
load:0x3ff0030,len:7176
load:0x4007000,len:15564
ho 0 tail 12 room 4
load:0x40080400,len:4
lod:0x40080404ï¿½[0;32mI (30) boot: ESP-IDF v5.3.1 2nd stage bootloader[0m
[0;32mI (30) boot: compile time Mar 21 2025 12:30:20[0m
[0;32mI (30) boot: Multicore bootloader[0m
[0;32mI (34) boot: chip revision: v1.1[0m
[0;32mI (3ï¿½ets Jun  8 2016 00:22:57

rst:0x1 (POWERON_RESET),boot:0x13 (SPI_FAST_FLASH_BOOT)
configsip: 0, SPIWP:0xee
clk_drv:0x00,q_drv:0x00,d_drv:0x00,cs0_drv:0x00,hd_drv:0x00,wp_drv:0x00
mode:DIO, clock div:2
load:0x3fff0030,len:7176
load:0x40078000,len:15564
ho 0 tail 12 room 4
load:0x40080400,len:4
load:0x40080404,len:3904
entry 0x40080640
[0;32mI (30) boot: ESP-IDF v5.3.1 2nd stage bootloader[0m
[0;32mI (30) boot: compile time Mar 21 2025 12:30:20[0m
[0;32mI (30) boot: Multicore bootloader[0m
[0;32mI (34) boot: chip revision: v1.1[0m
[0;32mI (38) boot.esp32: SPI Speed      : 40MHz[0m
[0;32mI (43) boot.esp32: SPI Mode       : DIO[0m
[0;32mI (47) boot.esp32: SPI Flash Size : 2MB[0m
[0;32mI (52) boot: Enabling RNG early entropy source...[0m
[0;32mI (57) boot: Partition Table:[0m
[0;32mI (61) boot: ## Label            Usage          Type ST Offset   Length[0m
[0;32mI (68) boot:  0 nvs              WiFi data        01 02 00009000 00006000[0m
[0;32mI (76) boot:  1 phy_init         RF data          01 01 0000f000 00001000[0m
[0;32mI (83) boot:  2 factory          factory app      00 00 00010000 00100000[0m
[0;32mI (91) boot: End of partition table[0m
[0;32mI (95) esp_image: segment 0: paddr=00010020 vaddr=3f400020 size=27ad8h (162520) map[0m
[0;32mI (159) esp_image: segment 1: paddr=00037b00 vaddr=3ffb0000 size=0508ch ( 20620) load[0m
[0;32mI (167) esp_image: segment 2: paddr=0003cb94 vaddr=40080000 size=03484h ( 13444) load[0m
[0;32mI (172) esp_image: segment 3: paddr=00040020 vaddr=400d0020 size=9b86ch (637036) map[0m
ets Jun  8 206 00:22:57

rst:x1 (POWERON_RESET)boot:0x12 (SPI_FAST_FLASH_BOOT)
configsip: 0, SPIWP:0xee
clk_drv:0x00,q_drv:0x00,d_drv:0x00,cs0_drv:0x00,hd_drv:0x00,wp_drv:0x00
mode:DIO, clock div:2
load:0x3fff0030,len:7176
load:0x40078000len:15564
ho 0 tail 2 room 4
load:0x4080400,len:4
load:0x4080404,len:3904
entry 0x40080640
[0;32mI (30) boot: ESP-IDF v5.3.1 2nd stage bootloader[0m
[0;32mI (30) boot: compile time Mar 21 2025 12:30:20[0m
[0;32mI (30) boot: Multicore bootloader[0m
[0;32mI (34) boot: chip revision: v1.1[0m
[0;32mI (38) boot.esp32: SPI Speed      : 40MHz[0m
[0;32mI (43) boot.esp32: SPI Mode       : DIO[0m
[0;32mI (47) boot.esp32: SPI Flash Size : 2MB[0m
[0;32mI (52) boot: Enabling RNG early entropy source...[0m
[0;32mI (57) boot: Partition Table:[0m
[0;32mI (61) boot: ## Label            Usage          Type ST Offset   Length[0m
[0;32mI (68) boot:  0 nvs              WiFi data        01 02 00009000 00006000[0m
[0;32mI (76) boot:  1 phy_init         RF data          01 01 0000f000 00001000[0m
[0;32mI (83) boot:  2 factory          factory app      00 00 00010000 00100000[0m
[0;32mI (91) boot: End of partition table[0m
[0;32mI (95) esp_image: segment 0: paddr=00010020 vaddr=3f400020 size=27ad8h (162520) map[0m
[0;32mI (159) esp_image: segment 1: paddr=00037b00 vaddr=3ffb0000 size=0508ch ( 20620) load[0m
[0;32mI (167) esp_image: segment 2: paddr=0003cb94 vaddr=40080000 size=03484h ( 13444) load[0m
[0;32mI (172) esp_image: segment 3: paddr=00040020 vaddr=400d0020 size=9b86ch (637036) map[0m
[0;32mI (392) esp_image: segment 4: paddr=000db894 vaddr=40083484 size=15cf0h ( 89328) load[0m
[0;32mI (440) boot: Loaded app from partition at offset 0x10000[0m
[0;32mI (440) boot: Disabling RNG early entropy source...[0m
[0;32mI (452) cpu_start: Multicore app[0m
[0;32mI (460) cpu_start: Pro cpu start user code[0m
[0;32mI (460) cpu_start: cpu freq: 160000000 Hz[0m
[0;32mI (460) app_init: Application information:[0m
[0;32mI (463) app_init: Project name:     hello_world[0m
[0;32mI (468) app_init: App version:      1[0m
[0;32mI (473) app_init: Compile time:     Mar 21 2025 12:29:34[0m
[0;32mI (479) app_ï¿½ï¿½ets Jun  8 2016 00:22:57

rst:0x1 (POWERON_RESET),boot:0x13 (SPI_FAST_FLASH_BOOT)
configsip: 0, SPIP:0xee
clk_drv:0x0,q_drv:0x00,d_drv:0x00,cs0_drv:0x00,hd_drv:0x00,wp_drv:0x00
mode:DI, clock div:2
load:0x3fff030,len:7176
load:0x40078000len:15564
ho 0 tail 12 room 4
load:0x40080400,len:4
load:0x40080404,len:3904
entry 0x40080640
 Jun  8 2016 00:22:57

rst:0x1 (POWERON_RESET),boot:0x12 (SPI_FAST_FLASH_BOOT)
configsip: 0, SPIWP:0xee
clk_drv:0x00,q_drv:0x00,d_drv:0x00,cs0_drv:0x00,hd_drv:0x00,wp_drv:0x00
mode:DIO, clock div:2
load:0x3fff0030,len:7176
load:0x40078000,len:15564
ho 0 tail 12 room 4
load:0x40080400,len:4
load:0x40080404,len:3904
entry 0x40080640
[0;32mI (30) boot: ESP-IDF v5.3.1 2nd stage bootloader[0m
[0;32mI (30) boot: compile time Mar 21 2025 12:30:20[0m
[0;32mI (30) boot: Multicore bootloader[0m
[0;32mI (35) boot: chip revision: v1.1[0m
[0;32mI (38) boot.esp32: SPI Speed      : 40MHz[0m
[0;32mI (43) boot.esp32: SPI Mode       : DIO[0m
[0;32mI (47) boot.esp32: SPI Flash Size : 2MB[0m
[0;32mI (52) boot: Enabling RNG early entropy source...[0m
[0;32mI (57) boot: Partition Table:[0m
[0;32mI (61) boot: ## Label            Usage          Type ST Offset   Length[0m
[0;32mI (68) boot:  0 nvs              WiFi data        01 02 00009000 00006000[0m
[0;32mI (76) boot:  1 phy_init         RF data          01 01 0000f000 00001000[0m
[0;32mI (83) boot:  2 factory          factory app      00 00 00010000 00100000[0m
[0;32mI (91) boot: End of partition table[0m
[0;32mI (95) esp_image: segment 0: paddr=00010020 vaddr=3f400020 size=27ad8h (162520) map[0m
[0;32mI (159) esp_image: segment 1: paddr=00037b00 vaddr=3ffb0000 size=0508ch ( 20620) load[0m
[0;32mI (167) esp_image: segment 2: paddr=0003cb94 vaddr=40080000 size=03484h ( 13444) load[0m
[0;32mI (172) esp_image: segment 3: paddr=00040020 vaddr=400d0020 size=9b86ch (637036) map[0m
ets Jun  8 2016 00:22:57

rst:0x1 (POWERON_RESET),boot:0x13 (SPI_FAST_FLASH_BOOT)
configsip: 0, SPIWP:0xee
clk_drv:0x00,q_drv:0x00,d_drv:0x00,cs0_drv:0x00,hd_drv:0x00,wp_drv:0x00
mode:DIO, clock div:2
load:0x3fff0030len:7176
load:0x4007800,len:15564
ho 0 tail 12 room 4
load:0x40080400,len:4
load:0x40080404,len:3904
entry [0;32mI (30) boot: ESP-IDF v5.3.1 2nd stage bootloader[0m
[0;32mI (30) boot: compile time Mar 21 2025 12:30:20[0m
[0;32mI (30) boot: Multicore bootloader[0m
[0;32mI (34) boot: chip revision: v1.1[0m
[0;32mI (38) boot.esp32: SPI Speed      : 40MHz[0m
[0;32mI (43) boot.esp32: SPI Mode       : DIO[0m
[0;32mI (47) boot.esp32: SPI Flash Size : 2MB[0m
[0;32mI (52) boot: Enabling RNG early entropy source...[0m
[0;32mI (57) boot: Partition Table:[0m
[0;32mI (61) boot: ## Label            Usage          Type ST Offset   Length[0m
[0;32mI (68) boot:  0 nvs              WiFi data        01 02 00009000 00006000[0m
[0;32mI (76) boot:  1 phy_init         RF data          01 01 0000f000 00001000[0m
[0;32mI (83) boot:  2 factory          factory app      00 00 00010000 00100000[0m
[0;32mI (91) boot: End of partition table[0m
[0;32mI (95) esp_image: segment 0: paddr=00010020 vaddr=3f400020 size=27ad8h (162520) map[0m
[0;32mI (159) esp_image: segment 1: paddr=00037b00 vaddr=3ffb0000 size=0508ch ( 20620) load[0m
[0;32mI (167) esp_image: segment 2: paddr=0003cb94 vaddr=40080000 size=03484h ( 13444) load[0m
[0;32mI (172) esp_image: segment 3: paddr=00040020 vaddr=400d0020 size=9b86ch (637036) map[0m
[0;32mI (392) esp_image: segment 4: paddr=000db894 vaddr=40083484 size=15cf0h ( 89328) load[0m
[0;32mI (440) boot: Loaded app from partition at offset 0x10000[0m
[0;32mI (440) boot: Disabling RNG early entropy source...[0m
[0;32mI (452) cpu_start: Multicore app[0m
[0;32mI (460) cpu_start: Pro cpu start user code[0m
[0;32mI (460) cpu_start: cpu freq: 160000000 Hz[0m
[0;32mI (460) app_init: Application information:[0m
[0;32mI (463) app_init: Project name:     hello_world[0m
[0;32mI (468) app_init: App version:      1[0m
[0;32mI (473) app_init: Compile time:     Mar 21 2025 12:29:34[0m
[0;32mI (479) app_init: ELF file SHA256:  84c90efbe...[0m
[0;32mI (484) app_init: ESP-IDF:          v5.3.1[0m
[0;32mI (489) efuse_init: Min chip rev:     v0.0[0m
[0;32mI (493) efuse_init: Max chip rev:     v3.99 [0m
[0;32mI (498) efuse_init: Chip rev:         v1.1[0m
[0;32mI (503) heap_init: Initializing. RAM available for dynamic allocation:[0m
[0;32mI (511) heap_init: At 3FFAE6E0 len 00001920 (6 KiB): DRAM[0m
[0;32mI (516) heap_init: At 3FFBB290 len 00024D70 (147 KiB): DRAM[0m
[0;32mI (523) heap_init: At 3FFE0440 len 00003AE0 (14 KiB): D/IRAM[0m
[0;32mI (529) heap_init: At 3FFE4350 len 0001BCB0 (111 KiB): D/IRAM[0m
[0;32mI (535) heap_init: At 40099174 len 00006E8C (27 KiB): IRAM[0m
[0;32mI (543) spi_flash: detected chip: generic[0m
[0;32mI (546) spi_flash: flash io: dio[0m
[0;33mW (550) spi_flash: Detected size(4096k) larger than the size in the binary image header(2048k). Using the size in the binary image header.[0m
[0;33mW (563) i2c: This driver is an old driver, please migrate your application code to adapt `driver/i2c_master.h`[0m
[0;32mI (575) main_task: Started on CPU0[0m
[0;32mI (585) main_task: Calling app_main()[0m
[0;32mI (615) wifi:wifi driver task: 3ffc32a0, prio:23, stack:6656, core=0[0m
[0;32mI (625) wifi:wifi firmware version: ccaebfa[0m
[0;32mI (625) wifi:wifi certification version: v7.0[0m
[0;32mI (625) wifi:config NVS flash: enabled[0m
[0;32mI (625) wifi:config nano formating: disabled[0m
[0;32mI (625) wifi:Init data frame dynamic rx buffer num: 32[0m
[0;32mI (635) wifi:Init static rx mgmt buffer num: 5[0m
[0;32mI (635) wifi:Init management short buffer num: 32[0m
[0;32mI (645) wifi:Init dynamic tx buffer num: 32[0m
[0;32mI (645) wifi:Init static rx buffer size: 1600[0m
[0;32mI (655) wifi:Init static rx buffer num: 10[0m
[0;32mI (655) wifi:Init dynamic rx buffer num: 32[0m
[0;32mI (655) wifi_init: rx ba win: 6[0m
[0;32mI (665) wifi_init: accept mbox: 6[0m
[0;32mI (665) wifi_init: tcpip mbox: 32[0m
[0;32mI (675) wifi_init: udp mbox: 6[0m
[0;32mI (675) wifi_init: tcp mbox: 6[0m
[0;32mI (675) wifi_init: tcp tx win: 5760[0m
[0;32mI (685) wifi_init: tcp rx win: 5760[0m
[0;32mI (685) wifi_init: tcp mss: 1440[0m
[0;32mI (685) wifi_init: WiFi IRAM OP enabled[0m
[0;32mI (695) wifi_init: WiFi RX IRAM OP enabled[0m
[0;33mW (705) wifi:Password length matches WPA2 standards, authmode threshold changes from OPEN to WPA2[0m
[0;32mI (705) phy_init: phy_version 4830,54550f7,Jun 20 2024,14:22:08[0m
[0;33mW (785) phy_init: saving new calibration data because of checksum failure, mode(0)[0m
[0;32mI (805) wifi:mode : sta (f8:b3:b7:7b:a2:34)[0m
[0;32mI (805) wifi:enable tsf[0m
[0;32mI (805) gpio: GPIO[25]| InputEn: 1| OutputEn: 0| OpenDrain: 0| Pullup: 1| Pulldown: 0| Intr:2 [0m
[0;32mI (815) cam_hal: cam init ok[0m
[0;32mI (825) wifi:new:<6,0>, old:<1,0>, ap:<255,255>, sta:<6,0>, prof:1, snd_ch_cfg:0x0[0m
[0;32mI (825) wifi:state: init -> auth (0xb0)[0m
[0;32mI (835) sccb: pin_sda 26 pin_scl 27[0m
[0;32mI (835) sccb: sccb_i2c_port=1[0m
[0;32mI (835) gpio: GPIO[32]| InputEn: 0| OutputEn: 1| OpenDrain: 0| Pullup: 0| Pulldown: 0| Intr:0 [0m
[0;32mI (835) wifi:state: auth -> assoc (0x0)[0m
[0;32mI (875) camera: Detected camera at address=0x30[0m
[0;32mI (875) camera: Detected OV2640 camera[0m
[0;32mI (875) camera: Camera PID=0x26 VER=0x42 MIDL=0x7f MIDH=0xa2[0m
[0;32mI (905) wifi:state: assoc -> run (0x10)[0m
[0;32mI (905) wifi:state: run -> init (0x2c0)[0m
[0;32mI (925) wifi:new:<6,0>, old:<6,0>, ap:<255,255>, sta:<6,0>, prof:1, snd_ch_cfg:0x0[0m
[0;32mI (975) cam_hal: buffer_size: 32768, half_buffer_size: 4096, node_buffer_size: 2048, node_cnt: 16, total_cnt: 15[0m
[0;32mI (975) cam_hal: Allocating 61440 Byte frame buffer in PSRAM[0m
[0;31mE (975) cam_hal: cam_dma_config(301): frame buffer malloc failed[0m
[0;31mE (985) cam_hal: cam_config(390): cam_dma_config failed[0m
[0;31mE (995) camera: Camera config failed with error 0xffffffff[0m
[0;31mE (995) esp32-cam: Camera init failed with error 0xffffffff[0m
[0;31mE (1005) esp32-cam: Camera initialization failed[0m
[0;32mI (1005) main_task: Returned from app_main()[0m
[0;32mI (3345) wifi:new:<6,0>, old:<6,0>, ap:<255,255>, sta:<6,0>, prof:1, snd_ch_cfg:0x0[0m
[0;32mI (3345) wifi:state: init -> auth (0xb0)[0m
[0;32mI (3355) wifi:state: auth -> assoc (0x0)[0m
[0;32mI (3365) wifi:state: assoc -> run (0x10)[0m
[0;32mI (3395) wifi:connected with ArthiSenthur, aid = 2, channel 6, BW20, bssid = b2:95:12:b6:6a:29[0m
[0;32mI (3395) wifi:security: WPA2-PSK, phy: bgn, rssi: -68[0m
[0;32mI (3395) wifi:pm start, type: 1[0m

[0;32mI (3395) wifi:dp: 1, bi: 102400, li: 3, scale listen interval from 307200 us to 307200 us[0m
[0;32mI (3495) wifi:dp: 2, bi: 102400, li: 4, scale listen interval from 307200 us to 409600 us[0m
[0;32mI (3495) wifi:AP's beacon interval = 102400 us, DTIM period = 2[0m
[0;32mI (4405) esp_netif_handlers: sta ip: 192.168.104.179, mask: 255.255.255.0, gw: 192.168.104.252[0m
[0;32mI (4405) esp32-cam: Got IP: 192.168.104.179[0m
ets Jun 8 2016 00:22:57

st:0x1 POWERON_RESET),boo:0x13 (SPI_FAST_FLAH_BOOT
configsip: 0, SPIW:0xee
clk_drv:0x00q_drv:0x0,d_drv:0x00,cs0_dr:0x00,hd_drv:0x00,w_drv:000
mode:DIO, cloc div:2
load:0x3fff030,len:7176
load:0x4007800,len:15564
ho 0 tal 12 rom 4
load:04008040,len:4
load:0x4008004,len:3904
entry 040080640
[0;32mI (30) boot: ESP-IDF v5.3.1 2nd stage bootloader[0m
[0;32mI (30) boot: compile time Mar 21 2025 12:30:20[0m
[0;32mI (30) boot: Multicore bootloader[0m
[0;32mI (34) boot: chip revision: v1.1[0m
[0;32mI (38) boot.esp32: SPI Speed      : 40MHz[0m
[0;32mI (43) boot.esp32: SPI Mode       : DIO[0m
[0;32mI (47) boot.esp32: SPI Flash Size : 2MB[0m
[0;32mI (52) boot: Enabling RNG early entropy source...[0m
[0;32mI (57) boot: Partition Table:[0m
[0;32mI (61) boot: ## Label            Usage          Type ST Offset   Length[0m
[0;32mI (68) boot:  0 nvs              WiFi data        01 02 00009000 00006000[0m
[0;32mI (76) boot:  1 phy_init         RF data          01 01 0000f000 00001000[0m
[0;32mI (83) boot:  2 factory          factory app      00 00 00010000 00100000[0m
[0;32mI (91) boot: End of partition table[0m
[0;32mI (95) esp_image: segment 0: paddr=00010020 vaddr=3f400020 size=27ad8h (162520) map[0m
[0;32mI (159) esp_image: segment 1: paddr=00037b00 vaddr=3ffb0000 size=0508ch ( 20620) load[0m
[0;32mI (167) esp_image: segment 2: paddr=0003cb94 vaddr=40080000 size=03484h ( 13444) load[0m
[0;32mI (172) esp_image: segment 3: paddr=00040020 vaddr=400d0020 size=9b86ch (637036) map[0m
[0;32mI (392) esp_image: segment 4: paddr=000db894 vaddr=40083484 size=15cf0h ( 89328) load[0m
[0;32mI (440) boot: Loaded app from partition at offset 0x10000[0m
[0;32mI (440) boot: Disabling RNG early entropy source...[0m
[0;32mI (452) cpu_start: Multicore app[0m
[0;32mI (460) cpu_start: Pro cpu start user code[0m
[0;32mI (460) cpu_start: cpu freq: 160000000 Hz[0m
[0;32mI (460) app_init: Application information:[0m
[0;32mI (463) app_init: Project name:     hello_world[0m
[0;32mI (468) app_init: App version:      1[0m
[0;32mI (473) app_init: Compile time:     Mar 21 2025 12:29:34[0m
[0;32mI (479) app_init: ELF file SHA256:  84c90efbe...[0m
[0;32mI (484) app_init: ESP-IDF:          v5.3.1[0m
[0;32mI (489) efuse_init: Min chip rev:     v0.0[0m
[0;32mI (493) efuse_init: Max chip rev:     v3.99 [0m
[0;32mI (498) efuse_init: Chip rev:         v1.1[0m
[0;32mI (503) heap_init: Initializing. RAM available for dynamic allocation:[0m
[0;32mI (510) heap_init: At 3FFAE6E0 len 00001920 (6 KiB): DRAM[0m
[0;32mI (516) heap_init: At 3FFBB290 len 00024D70 (147 KiB): DRAM[0m
[0;32mI (523) heap_init: At 3FFE0440 len 00003AE0 (14 KiB): D/IRAM[0m
[0;32mI (529) heap_init: At 3FFE4350 len 0001BCB0 (111 KiB): D/IRAM[0m
[0;32mI (535) heap_init: At 40099174 len 00006E8C (27 KiB): IRAM[0m
[0;32mI (543) spi_flash: detected chip: generic[0m
[0;32mI (546) spi_flash: flash io: dio[0m
[0;33mW (550) spi_flash: Detected size(4096k) larger than the size in the binary image header(2048k). Using the size in the binary image header.[0m
[0;33mW (563) i2c: This driver is an old driver, please migrate your application code to adapt `driver/i2c_master.h`[0m
[0;32mI (575) main_task: Started on CPU0[0m
[0;32mI (585) main_task: Calling app_main()[0m
[0;32mI (615) wifi:wifi driver task: 3ffc321c, prio:23, stack:6656, core=0[0m
[0;32mI (625) wifi:wifi firmware version: ccaebfa[0m
[0;32mI (625) wifi:wifi certification version: v7.0[0m
[0;32mI (625) wifi:config NVS flash: enabled[0m
[0;32mI (625) wifi:config nano formating: disabled[0m
[0;32mI (625) wifi:Init data frame dynamic rx buffer num: 32[0m
[0;32mI (635) wifi:Init static rx mgmt buffer num: 5[0m
[0;32mI (635) wifi:Init management short buffer num: 32[0m
[0;32mI (645) wifi:Init dynamic tx buffer num: 32[0m
[0;32mI (645) wifi:Init static rx buffer size: 1600[0m
[0;32mI (655) wifi:Init static rx buffer num: 10[0m
[0;32mI (655) wifi:Init dynamic rx buffer num: 32[0m
[0;32mI (655) wifi_init: rx ba win: 6[0m
[0;32mI (665) wifi_init: accept mbox: 6[0m
[0;32mI (665) wifi_init: tcpip mbox: 32[0m
[0;32mI (675) wifi_init: udp mbox: 6[0m
[0;32mI (675) wifi_init: tcp mbox: 6[0m
[0;32mI (675) wifi_init: tcp tx win: 5760[0m
[0;32mI (685) wifi_init: tcp rx win: 5760[0m
[0;32mI (685) wifi_init: tcp mss: 1440[0m
[0;32mI (685) wifi_init: WiFi IRAM OP enabled[0m
[0;32mI (695) wifi_init: WiFi RX IRAM OP enabled[0m
[0;33mW (705) wifi:Password length matches WPA2 standards, authmode threshold changes from OPEN to WPA2[0m
[0;32mI (705) phy_init: phy_version 4830,54550f7,Jun 20 2024,14:22:08[0m
[0;32mI (785) wifi:mode : sta (f8:b3:b7:7b:a2:34)[0m
[0;32mI (795) wifi:enable tsf[0m
[0;32mI (795) gpio: GPIO[25]| InputEn: 1| OutputEn: 0| OpenDrain: 0| Pullup: 1| Pulldown: 0| Intr:2 [0m
[0;32mI (795) cam_hal: cam init ok[0m
[0;32mI (805) wifi:new:<6,0>, old:<1,0>, ap:<255,255>, sta:<6,0>, prof:1, snd_ch_cfg:0x0[0m
[0;32mI (805) wifi:state: init -> auth (0xb0)[0m
[0;32mI (815) sccb: pin_sda 26 pin_scl 27[0m
[0;32mI (815) sccb: sccb_i2c_port=1[0m
[0;32mI (815) wifi:state: auth -> assoc (0x0)[0m
[0;32mI (825) gpio: GPIO[32]| InputEn: 0| OutputEn: 1| OpenDrain: 0| Pullup: 0| Pulldown: 0| Intr:0 [0m
[0;32mI (835) wifi:state: assoc -> run (0x10)[0m
[0;32mI (835) wifi:state: run -> init (0x2c0)[0m
[0;32mI (845) wifi:new:<6,0>, old:<6,0>, ap:<255,255>, sta:<6,0>, prof:1, snd_ch_cfg:0x0[0m
[0;32mI (865) camera: Detected camera at address=0x30[0m
[0;32mI (865) camera: Detected OV2640 camera[0m
[0;32mI (865) camera: Camera PID=0x26 VER=0x42 MIDL=0x7f MIDH=0xa2[0m
[0;32mI (955) cam_hal: buffer_size: 32768, half_buffer_size: 4096, node_buffer_size: 2048, node_cnt: 16, total_cnt: 15[0m
[0;32mI (955) cam_hal: Allocating 61440 Byte frame buffer in PSRAM[0m
[0;31mE (955) cam_hal: cam_dma_config(301): frame buffer malloc failed[0m
[0;31mE (965) cam_hal: cam_config(390): cam_dma_config failed[0m
[0;31mE (975) camera: Camera config failed with error 0xffffffff[0m
[0;31mE (975) esp32-cam: Camera init failed with error 0xffffffff[0m
[0;31mE (985) esp32-cam: Camera initialization failed[0m
[0;32mI (985) main_task: Returned from app_main()[0m
[0;32mI (3265) wifi:new:<6,0>, old:<6,0>, ap:<255,255>, sta:<6,0>, prof:1, snd_ch_cfg:0x0[0m
[0;32mI (3275) wifi:state: init -> auth (0xb0)[0m
[0;32mI (3285) wifi:state: auth -> assoc (0x0)[0m
[0;32mI (3295) wifi:state: assoc -> run (0x10)[0m
[0;32mI (3325) wifi:connected with ArthiSenthur, aid = 2, channel 6, BW20, bssid = b2:95:12:b6:6a:29[0m
[0;32mI (3325) wifi:security: WPA2-PSK, phy: bgn, rssi: -54[0m
[0;32mI (3325) wifi:pm start, type: 1[0m

[0;32mI (3325) wifi:dp: 1, bi: 102400, li: 3, scale listen interval from 307200 us to 307200 us[0m
[0;32mI (3355) wifi:dp: 2, bi: 102400, li: 4, scale listen interval from 307200 us to 409600 us[0m
[0;32mI (3355) wifi:AP's beacon interval = 102400 us, DTIM period = 2[0m
[0;32mI (4335) esp_netif_handlers: sta ip: 192.168.104.179, mask: 255.255.255.0, gw: 192.168.104.252[0m
[0;32mI (4335) esp32-cam: Got IP: 192.168.104.179[0m
