ets Jn  8206 00:22:57
rst0x1(POWERON_RESET),oot0x1 (SPI_FAST_FLASH_OO)
onfigsip: 0, PIW:0xe
clk_drv:0x0,qdrv:x00,d_drv:0x00,cs_dr:0x0,hd_drv:0x00wp_rv:x00
mode:DIO clck iv:2
load:0x3fff03,len7176
load:0x00700,len:15564
ho 0 til 2 rom 4
load:0x008400len:4
load:0x408044,ln:3904
entr 0x408640
[0;32mI (30) boot: ESP-IDF v5.3.1 2nd stage bootloader[0m
[0;32mI (30) boot: compile time Mar 21 2025 12:30:20[0m
[0;32mI (30) boot: Multicore bootloader[0m
[0;32mI (34) boot: chip revision: v1.1[0m
[0;32mI (38) boot.esp32: SPI Speed      : 40MHz[0m
[0;32mI (43) boot.esp32: SPI Mode       : DIO[0m
[0;32mI (47) boot.esp32: SPI Flash Size : 2MB[0m
[0;32mI (52) boot: Enabling RNG early entropy source...[0m
[0;32mI (57) boot: Partition Table:[0m
[0;32mI (61) boot: ## Label            Usage          Type ST Offset   Length[0m
[0;32mI (68) boot:  0 nvs              WiFi data        01 02 00009000 00006000[0m
[0;32mI (76) boot:  1 phy_init         RF data          01 01 0000f000 00001000[0m
[0;32mI (83) boot:  2 factory          factory app      00 00 00010000 00100000[0m
[0;32mI (91) boot: End of partition table[0m
[0;32mI (95) esp_image: segment 0: paddr=00010020 vaddr=3f400020 size=27ad8h (162520) map[0m
[0;32mI (159) esp_image: segment 1: paddr=00037b00 vaddr=3ffb0000 size=0508ch ( 20620) load[0m
[0;32mI (167) esp_image: segment 2: paddr=0003cb94 vaddr=40080000 size=03484h ( 13444) load[0m
[0;32mI (172) esp_image: segment 3: paddr=00040020 vaddr=400d0020 size=9b868h (637032) map[0m
[0;32mI (392) esp_image: segment 4: paddr=000db890 vaddr=40083484 size=15cf0h ( 89328) load[0m
[0;32mI (440) boot: Loaded app from partition at offset 0x10000[0m
[0;32mI (440) boot: Disabling RNG early entropy source...[0m
[0;32mI (452) cpu_start: Multicore app[0m
[0;32mI (460) cpu_start: Pro cpu start user code[0m
[0;32mI (460) cpu_start: cpu freq: 160000000 Hz[0m
[0;32mI (460) app_init: Application information:[0m
[0;32mI (463) app_init: Project name:     hello_world[0m
[0;32mI (468) app_init: App version:      1[0m
[0;32mI (473) app_init: Compile time:     Mar 21 2025 12:29:34[0m
[0;32mI (479) app_init: ELF file SHA256:  cbeb31234...[0m
[0;32mI (484) app_init: ESP-IDF:          v5.3.1[0m
[0;32mI (489) efuse_init: Min chip rev:     v0.0[0m
[0;32mI (493) efuse_init: Max chip rev:     v3.99 [0m
[0;32mI (498) efuse_init: Chip rev:         v1.1[0m
[0;32mI (503) heap_init: Initializing. RAM available for dynamic allocation:[0m
[0;32mI (511) heap_init: At 3FFAE6E0 len 00001920 (6 KiB): DRAM[0m
[0;32mI (516) heap_init: At 3FFBB290 len 00024D70 (147 KiB): DRAM[0m
[0;32mI (523) heap_init: At 3FFE0440 len 00003AE0 (14 KiB): D/IRAM[0m
[0;32mI (529) heap_init: At 3FFE4350 len 0001BCB0 (111 KiB): D/IRAM[0m
[0;32mI (535) heap_init: At 40099174 len 00006E8C (27 KiB): IRAM[0m
[0;32mI (543) spi_flash: detected chip: generic[0m
[0;32mI (546) spi_flash: flash io: dio[0m
[0;33mW (550) spi_flash: Detected size(4096k) larger than the size in the binary image header(2048k). Using the size in the binary image header.[0m
[0;33mW (563) i2c: This driver is an old driver, please migrate your application code to adapt `driver/i2c_master.h`[0m
[0;32mI (575) main_task: Started on CPU0[0m
[0;32mI (585) main_task: Calling app_main()[0m
[0;32mI (615) wifi:wifi driver task: 3ffc3198, prio:23, stack:6656, core=0[0m
[0;32mI (625) wifi:wifi firmware version: ccaebfa[0m
[0;32mI (625) wifi:wifi certification version: v7.0[0m
[0;32mI (625) wifi:config NVS flash: enabled[0m
[0;32mI (625) wifi:config nano formating: disabled[0m
[0;32mI (625) wifi:Init data frame dynamic rx buffer num: 32[0m
[0;32mI (635) wifi:Init static rx mgmt buffer num: 5[0m
[0;32mI (635) wifi:Init management short buffer num: 32[0m
[0;32mI (645) wifi:Init dynamic tx buffer num: 32[0m
[0;32mI (645) wifi:Init static rx buffer size: 1600[0m
[0;32mI (655) wifi:Init static rx buffer num: 10[0m
[0;32mI (655) wifi:Init dynamic rx buffer num: 32[0m
[0;32mI (655) wifi_init: rx ba win: 6[0m
[0;32mI (665) wifi_init: accept mbox: 6[0m
[0;32mI (665) wifi_init: tcpip mbox: 32[0m
[0;32mI (665) wifi_init: udp mbox: 6[0m
[0;32mI (675) wifi_init: tcp mbox: 6[0m
[0;32mI (675) wifi_init: tcp tx win: 5760[0m
[0;32mI (685) wifi_init: tcp rx win: 5760[0m
[0;32mI (685) wifi_init: tcp mss: 1440[0m
[0;32mI (685) wifi_init: WiFi IRAM OP enabled[0m
[0;32mI (695) wifi_init: WiFi RX IRAM OP enabled[0m
[0;33mW (695) wifi:Password length matches WPA2 standards, authmode threshold changes from OPEN to WPA2[0m
[0;32mI (705) phy_init: phy_version 4830,54550f7,Jun 20 2024,14:22:08[0m
[0;32mI (785) wifi:mode : sta (f8:b3:b7:7b:a2:34)[0m
[0;32mI (785) wifi:enable tsf[0m
[0;32mI (795) gpio: GPIO[25]| InputEn: 1| OutputEn: 0| OpenDrain: 0| Pullup: 1| Pulldown: 0| Intr:2 [0m
[0;32mI (795) cam_hal: cam init ok[0m
[0;32mI (805) wifi:new:<6,0>, old:<1,0>, ap:<255,255>, sta:<6,0>, prof:1, snd_ch_cfg:0x0[0m
[0;32mI (805) wifi:state: init -> auth (0xb0)[0m
[0;32mI (815) sccb: pin_sda 26 pin_scl 27[0m
[0;32mI (815) sccb: sccb_i2c_port=1[0m
[0;32mI (815) wifi:state: auth -> assoc (0x0)[0m
[0;31mE (835) camera: Camera probe failed with error 0x105(ESP_ERR_NOT_FOUND)[0m
[0;31mE (835) esp32-cam: Camera init failed with error 0x105[0m
[0;31mE (835) esp32-cam: Camera initialization failed[0m
[0;32mI (845) main_task: Returned from app_main()[0m
[0;32mI (1825) wifi:state: assoc -> init (0x2700)[0m
[0;32mI (1835) wifi:new:<6,0>, old:<6,0>, ap:<255,255>, sta:<6,0>, prof:1, snd_ch_cfg:0x0[0m
[0;32mI (4255) wifi:new:<6,0>, old:<6,0>, ap:<255,255>, sta:<6,0>, prof:1, snd_ch_cfg:0x0[0m
[0;32mI (4255) wifi:state: init -> auth (0xb0)[0m
[0;32mI (4265) wifi:state: auth -> assoc (0x0)[0m
[0;32mI (4275) wifi:state: assoc -> run (0x10)[0m
[0;32mI (4285) wifi:connected with ArthiSenthur, aid = 2, channel 6, BW20, bssid = b2:95:12:b6:6a:29[0m
[0;32mI (4285) wifi:security: WPA2-PSK, phy: bgn, rssi: -51[0m
[0;32mI (4295) wifi:pm start, type: 1[0m

[0;32mI (4295) wifi:dp: 1, bi: 102400, li: 3, scale listen interval from 307200 us to 307200 us[0m
[0;32mI (4345) wifi:dp: 2, bi: 102400, li: 4, scale listen interval from 307200 us to 409600 us[0m
[0;32mI (4345) wifi:AP's beacon interval = 102400 us, DTIM period = 2[0m
[0;32mI (5305) esp_netif_handlers: sta ip: 192.168.104.179, mask: 255.255.255.0, gw: 192.168.104.252[0m
[0;32mI (5305) esp32-cam: Got IP: 192.168.104.179[0m
[0;32mI (38035) wifi:<ba-add>idx:0 (ifx:0, b2:95:12:b6:6a:29), tid:0, ssn:16, winSize:64[0m
ï¿½ets Jun  8 2016 00:22:57

rst:0x3 (SW_RESET),boot:0x13 (SPI_FAST_FLASH_BOOT)
configsip: 0, SPIWP:0xee
clk_drv:0x00,q_drv:0x00,d_drv:0x00,cs0_drv:0x00,hd_drv:0x00,wp_drv:0x00
mode:DIO, clock div:2
load:0x3fff0030,len:7176
load:0x40078000,len:15564
ho 0 tail 12 room 4
load:0x40080400,len:4
load:0x40080404,len:3904
entry 0x40080640
[0;32mI (60) boot: ESP-IDF v5.3.1 2nd stage bootloader[0m
[0;32mI (60) boot: compile time Mar 21 2025 12:30:20[0m
[0;32mI (60) boot: Multicore bootloader[0m
[0;32mI (65) boot: chip revision: v1.1[0m
[0;32mI (69) boot.esp32: SPI Speed      : 40MHz[0m
[0;32mI (74) boot.esp32: SPI Mode       : DIO[0m
[0;32mI (78) boot.esp32: SPI Flash Size : 2MB[0m
[0;32mI (83) boot: Enabling RNG early entropy source...[0m
[0;32mI (88) boot: Partition Table:[0m
[0;32mI (92) boot: ## Label            Usage          Type ST Offset   Length[0m
[0;32mI (99) boot:  0 nvs              WiFi data        01 02 00009000 00006000[0m
[0;32mI (106) boot:  1 phy_init         RF data          01 01 0000f000 00001000[0m
[0;32mI (114) boot:  2 factory          factory app      00 00 00010000 00100000[0m
[0;32mI (122) boot: End of partition table[0m
[0;32mI (126) esp_image: segment 0: paddr=00010020 vaddr=3f400020 size=27ad8h (162ï¿½tsJn  2016 00:2257

s:x1 (POWERN_RESET),boot:0x13 (SI_FAS_LSHBOT)
cnfigsi:0 SIP0xee
clk_drv:0x00,q_drv:0x00,_drv:0x00,cs0_dr:0x00,hd_dr:x0w_rv:0x00
mode:DIO, clock div:2
load:0x3fff0030,len:176
lod0x0700,len:1554
ho 0 tail 12room 4
load:0x40080400,len4
load:0x4008040,len:3904
entry 0x40080640
[0;32mI (30) boot: ESP-IDF v5.3.1 2nd stage bootloader[0m
[0;32mI (30) boot: compile time Mar 21 2025 12:30:20[0m
[0;32mI (30) boot: Multicore bootloader[0m
[0;32mI (34) boot: chip revision: v1.1[0m
[0;32mI (38) boot.esp32: SPI Speed      : 40MHz[0m
[0;32mI (43) boot.esp32: SPI Mode       : DIO[0m
[0;32mI (47) boot.esp32: SPI Flash Size : 2MB[0m
[0;32mI (52) boot: Enabling RNG early entropy source...[0m
[0;32mI (57) boot: Partition Table:[0m
[0;32mI (61) boot: ## Label            Usage          Type ST Offset   Length[0m
[0;32mI (68) boot:  0 nvs              WiFi data        01 02 00009000 00006000[0m
[0;32mI (76) boot:  1 phy_init         RF data          01 01 0000f000 00001000[0m
[0;32mI (83) boot:  2 factory          factory app      00 00 00010000 00100000[0m
[0;32mI (91) boot: End of partition table[0m
[0;32mI (95) esp_image: segment 0: paddr=00010020 vaddr=3f400020 size=27ad8h (162520) map[0m
[0;32mI (159) esp_image: segment 1: paddr=00037b00 vaddr=3ffb0000 size=0508ch ( 20620) load[0m
[0;32mI (167) esp_image: segment 2: paddr=0003cb94 vaddr=40080000 size=03484h ( 13444) load[0m
[0;32mI (172) esp_image: segment 3: paddr=00040020 vaddr=400d0020 size=9b868h (637032) map[0m
[0;32mI (392) esp_image: segment 4: paddr=000db890 vaddr=40083484 size=15cf0h ( 89328) load[0m
[0;32mI (439) boot: Loaded app from partition at offset 0x10000[0m
[0;32mI (440) boot: Disabling RNG early entropy source...[0m
[0;32mI (452) cpu_start: Multicore app[0m
[0;32mI (460) cpu_start: Pro cpu start user code[0m
[0;32mI (460) cpu_start: cpu freq: 160000000 Hz[0m
[0;32mI (460) app_init: Application information:[0m
[0;32mI (463) app_init: Project name:     hello_world[0m
[0;32mI (468) app_init: App version:      1[0m
[0;32mI (472) app_init: Compile time:     Mar 21 2025 12:29:34[0m
[0;32mI (478) app_init: ELF file SHA256:  cbeb31234...[0m
[0;32mI (484) app_init: ESP-IDF:          v5.3.1[0m
[0;32mI (489) efuse_init: Min chip rev:     v0.0[0m
[0;32mI (493) efuse_init: Max chip rev:     v3.99 [0m
[0;32mI (498) efuse_init: Chip rev:         v1.1[0m
[0;32mI (503) heap_init: Initializing. RAM available for dynamic allocation:[0m
[0;32mI (510) heap_init: At 3FFAE6E0 len 00001920 (6 KiB): DRAM[0m
[0;32mI (516) heap_init: At 3FFBB290 len 00024D70 (147 KiB): DRAM[0m
[0;32mI (523) heap_init: At 3FFE0440 len 00003AE0 (14 KiB): D/IRAM[0m
[0;32mI (529) heap_init: At 3FFE4350 len 0001BCB0 (111 KiB): D/IRAM[0m
[0;32mI (535) heap_init: At 40099174 len 00006E8C (27 KiB): IRAM[0m
[0;32mI (543) spi_flash: detected chip: generic[0m
[0;32mI (546) spi_flash: flash io: dio[0m
[0;33mW (550) spi_flash: Detected size(4096k) larger than the size in the binary image header(2048k). Using the size in the binary image header.[0m
[0;33mW (563) i2c: This driver is an old driver, please migrate your application code to adapt `driver/i2c_master.h`[0m
[0;32mI (575) main_task: Started on CPU0[0m
[0;32mI (585) main_task: Calling app_main()[0m
[0;32mI (615) wifi:wifi driver task: 3ffc3198, prio:23, stack:6656, core=0[0m
[0;32mI (625) wifi:wifi firmware version: ccaebfa[0m
[0;32mI (625) wifi:wifi certification version: v7.0[0m
[0;32mI (625) wifi:config NVS flash: enabled[0m
[0;32mI (625) wifi:config nano formating: disabled[0m
[0;32mI (625) wifi:Init data frame dynamic rx buffer num: 32[0m
[0;32mI (635) wifi:Init static rx mgmt buffer num: 5[0m
[0;32mI (635) wifi:Init management short buffer num: 32[0m
[0;32mI (645) wifi:Init dynamic tx buffer num: 32[0m
[0;32mI (645) wifi:Init static rx buffer size: 1600[0m
[0;32mI (655) wifi:Init static rx buffer num: 10[0m
[0;32mI (655) wifi:Init dynamic rx buffer num: 32[0m
[0;32mI (655) wifi_init: rx ba win: 6[0m
[0;32mI (665) wifi_init: accept mbox: 6[0m
[0;32mI (665) wifi_init: tcpip mbox: 32[0m
[0;32mI (665) wifi_init: udp mbox: 6[0m
[0;32mI (675) wifi_init: tcp mbox: 6[0m
[0;32mI (675) wifi_init: tcp tx win: 5760[0m
[0;32mI (685) wifi_init: tcp rx win: 5760[0m
[0;32mI (685) wifi_init: tcp mss: 1440[0m
[0;32mI (685) wifi_init: WiFi IRAM OP enabled[0m
[0;32mI (695) wifi_init: WiFi RX IRAM OP enabled[0m
[0;33mW (695) wifi:Password length matches WPA2 standards, authmode threshold changes from OPEN to WPA2[0m
[0;32mI (705) phy_init: phy_version 4830,54550f7,Jun 20 2024,14:22:08[0m
[0;32mI (785) wifi:mode : sta (f8:b3:b7:7b:a2:34)[0m
[0;32mI (785) wifi:enable tsf[0m
[0;32mI (795) gpio: GPIO[25]| InputEn: 1| OutputEn: 0| OpenDrain: 0| Pullup: 1| Pulldown: 0| Intr:2 [0m
[0;32mI (805) wifi:new:<6,0>, old:<1,0>, ap:<255,255>, sta:<6,0>, prof:1, snd_ch_cfg:0x0[0m
[0;32mI (805) wifi:state: init -> auth (0xb0)[0m
[0;32mI (805) cam_hal: cam init ok[0m
[0;32mI (815) sccb: pin_sda 26 pin_scl 27[0m
[0;32mI (815) sccb: sccb_i2c_port=1[0m
[0;32mI (815) wifi:state: auth -> assoc (0x0)[0m
[0;32mI (825) wifi:state: assoc -> run (0x10)[0m
[0;32mI (835) wifi:state: run -> init (0x2c0)[0m
[0;31mE (835) camera: Camera probe failed with error 0x105(ESP_ERR_NOT_FOUND)[0m
[0;31mE (835) esp32-cam: Camera init failed with error 0x105[0m
[0;32mI (845) wifi:new:<6,0>, old:<6,0>, ap:<255,255>, sta:<6,0>, prof:1, snd_ch_cfg:0x0[0m
[0;31mE (845) esp32-cam: Camera initialization failed[0m
[0;32mI (855) main_task: Returned from app_main()[0m
[0;32mI (3275) wifi:new:<6,0>, old:<6,0>, ap:<255,255>, sta:<6,0>, prof:1, snd_ch_cfg:0x0[0m
[0;32mI (3275) wifi:state: init -> auth (0xb0)[0m
[0;32mI (3285) wifi:state: auth -> assoc (0x0)[0m
[0;32mI (3295) wifi:state: assoc -> run (0x10)[0m
[0;32mI (3315) wifi:connected with ArthiSenthur, aid = 2, channel 6, BW20, bssid = b2:95:12:b6:6a:29[0m
[0;32mI (3315) wifi:security: WPA2-PSK, phy: bgn, rssi: -52[0m
[0;32mI (3315) wifi:pm start, type: 1[0m

[0;32mI (3315) wifi:dp: 1, bi: 102400, li: 3, scale listen interval from 307200 us to 307200 us[0m
[0;32mI (3355) wifi:dp: 2, bi: 102400, li: 4, scale listen interval from 307200 us to 409600 us[0m
[0;32mI (3355) wifi:AP's beacon interval = 102400 us, DTIM period = 2[0m
[0;32mI (4325) esp_netif_handlers: sta ip: 192.168.104.179, mask: 255.255.255.0, gw: 192.168.104.252[0m
[0;32mI (4325) esp32-cam: Got IP: 192.168.104.179[0m
ï¿½ets Jun  8 2016 00:22:57

rst:0x3 (SW_RESET),boot:0x13 (SPI_FAST_FLASH_BOOT)
configsip: 0, SPIWP:0xee
clk_drv:0x00,q_drv:0x00,d_drv:0x00,cs0_drv:0x00,hd_drv:0x00,wp_drv:0x00
mode:DIO, clock div:2
load:0x3fff0030,len:7176
load:0x40078000,len:15564
ho 0 tail 12 room 4
load:0x40080400,len:4
load:0x40080404,len:3904
entry 0x40080640
[0;32mI (60) boot: ESP-IDF v5.3.1 2nd stage bootloader[0m
[0;32mI (60) boot: compile time Mar 21 2025 12:30:20[0m
[0;32mI (60) boot: Multicore bootloader[0m
[0;32mI (65) boot: chip revision: v1.1[0m
[0;32mI (69) boot.esp32: SPI Speed      : 40MHz[0m
[0;32mI (74) boot.esp32: SPI Mode       : DIO[0m
[0;32mI (78) boot.esp32: SPI Flash Size : 2MB[0m
[0;32mI (83) boot: Enabling RNG early entropy source...[0m
[0;32mI (88) boot: Partition Table:[0m
[0;32mI (92) boot: ## Label            Usage          Type ST Offset   Length[0m
[0;32mI (99) boot:  0 nvs              WiFi data        01 02 00009000 00006000[0m
[0;32mI (106) boot:  1 phy_init         RF data          01 01 0000f000 00001000[0m
[0;32mI (114) boot:  2 factory          factory app      00 00 00010000 00100000[0m
[0;32mI (122) boot: End of partition table[0m
[0;32mI (126) esp_image: segment 0: paddr=00010020 vaddr=3f400020 size=27ad8h (162520) map[0m
[0;32mI (190) esp_image: segment 1: paddr=00037b00 vaddr=3ffb0000 size=0508ch ( 20620) load[0m
[0;32mI (198) esp_image: segment 2: paddr=0003cb94 vaddr=40080000 size=03484h ( 13444) load[0m
[0;32mI (203) esp_image: segment 3: paddr=00040020 vaddr=400d0020 size=9b868h (637032) map[0m
[0;32mI (423) esp_image: segment 4: paddr=000db890 vaddr=40083484 size=15cf0h ( 89328) load[0m
[0;32mI (471) boot: Loaded app from partition at offset 0x10000[0m
[0;32mI (471) boot: Disabling RNG early entropy source...[0m
[0;32mI (483) cpu_start: Multicore app[0m
[0;32mI (491) cpu_start: Pro cpu start user code[0m
[0;32mI (491) cpu_start: cpu freq: 160000000 Hz[0m
[0;32mI (491) app_init: Application information:[0m
[0;32mI (494) app_init: Project name:     hello_world[0m
[0;32mI (499) app_init: App version:      1[0m
[0;32mI (504) app_init: Compile time:     Mar 21 2025 12:29:34[0m
[0;32mI (510) app_init: ELF file SHA256:  cbeb31234...[0m
[0;32mI (515) app_init: ESP-IDF:          v5.3.1[0m
[0;32mI (520) efuse_init: Min chip rev:     v0.0[0m
[0;32mI (524) efuse_init: Max chip rev:     v3.99 [0m
[0;32mI (529) efuse_init: Chip rev:         v1.1[0m
[0;32mI (534) heap_init: Initializing. RAM available for dynamic allocation:[0m
[0;32mI (541) heap_init: At 3FFAE6E0 len 00001920 (6 KiB): DRAM[0m
[0;32mI (547) heap_init: At 3FFBB290 len 00024D70 (147 KiB): DRAM[0m
[0;32mI (554) heap_init: At 3FFE0440 len 00003AE0 (14 KiB): D/IRAM[0m
[0;32mI (560) heap_init: At 3FFE4350 len 0001BCB0 (111 KiB): D/IRAM[0m
[0;32mI (566) heap_init: At 40099174 len 00006E8C (27 KiB): IRAM[0m
[0;32mI (574) spi_flash: detected chip: generic[0m
[0;32mI (577) spi_flash: flash io: dio[0m
[0;33mW (581) spi_flash: Detected size(4096k) larger than the size in the binary image header(2048k). Using the size in the binary image header.[0m
[0;33mW (594) i2c: This driver is an old driver, please migrate your application code to adapt `driver/i2c_master.h`[0m
[0;32mI (606) main_task: Started on CPU0[0m
[0;32mI (616) main_task: Calling app_main()[0m
[0;32mI (646) wifi:wifi driver task: 3ffc3198, prio:23, stack:6656, core=0[0m
[0;32mI (656) wifi:wifi firmware version: ccaebfa[0m
[0;32mI (656) wifi:wifi certification version: v7.0[0m
[0;32mI (656) wifi:config NVS flash: enabled[0m
[0;32mI (656) wifi:config nano formating: disabled[0m
[0;32mI (656) wifi:Init data frame dynamic rx buffer num: 32[0m
[0;32mI (666) wifi:Init static rx mgmt buffer num: 5[0m
[0;32mI (666) wifi:Init management short buffer num: 32[0m
[0;32mI (676) wifi:Init dynamic tx buffer num: 32[0m
[0;32mI (676) wifi:Init static rx buffer size: 1600[0m
[0;32mI (686) wifi:Init static rx buffer num: 10[0m
[0;32mI (686) wifi:Init dynamic rx buffer num: 32[0m
[0;32mI (686) wifi_init: rx ba win: 6[0m
[0;32mI (696) wifi_init: accept mbox: 6[0m
[0;32mI (696) wifi_init: tcpip mbox: 32[0m
[0;32mI (696) wifi_init: udp mbox: 6[0m
[0;32mI (706) wifi_init: tcp mbox: 6[0m
[0;32mI (706) wifi_init: tcp tx win: 5760[0m
[0;32mI (716) wifi_init: tcp rx win: 5760[0m
[0;32mI (716) wifi_init: tcp mss: 1440[0m
[0;32mI (716) wifi_init: WiFi IRAM OP enabled[0m
[0;32mI (726) wifi_init: WiFi RX IRAM OP enabled[0m
[0;33mW (726) wifi:Password length matches WPA2 standards, authmode threshold changes from OPEN to WPA2[0m
[0;32mI (736) phy_init: phy_version 4830,54550f7,Jun 20 2024,14:22:08[0m
ï¿½ets Jun  8 2016 00:22:57

rst:0x3 (SW_RESET),boot:0x13 (SPI_FAST_FLASH_BOOT)
configsip: 0, SPIWP:0xee
clk_drv:0x00,q_drv:0x00,d_drv:0x00,cs0_drv:0x00,hd_drv:0x00,wp_drv:0x00
mode:DIO, clock div:2
load:0x3fff0030,len:7176
load:0x40078000,len:15564
ho 0 tail 12 room 4
load:0x40080400,len:4
load:0x40080404,len:3904
entry 0x40080640
[0;32mI (60) boot: ESP-IDF v5.3.1 2nd stage bootloader[0m
[0;32mI (60) boot: compile time Mar 21 2025 12:30:20[0m
[0;32mI (60) boot: Multicore bootloader[0m
[0;32mI (65) boot: chip revision: v1.1[0m
[0;32mI (69) boot.esp32: SPI Speed      : 40MHz[0m
[0;32mI (74) boot.esp32: SPI Mode       : DIO[0m
[0;32mI (78) boot.esp32: SPI Flash Size : 2MB[0m
[0;32mI (83) boot: Enabling RNG early entropy source...[0m
[0;32mI (88) boot: Partition Table:[0m
[0;32mI (92) boot: ## Label            Usage          Type ST Offset   Length[0m
[0;32mI (99) boot:  0 nvs              WiFi data        01 02 00009000 00006000[0m
[0;32mI (106) boot:  1 phy_init         RF data          01 01 0000f000 00001000[0m
[0;32mI (114) boot:  2 factory          factory app      00 00 00010000 00100000[0m
[0;32mI (122) boot: End of partition table[0m
[0;32mI (126) esp_image: segment 0: paddr=00010020 vaddr=3f400020 size=27ad8h (162520) map[0m
[0;32mI (190) esp_image: segment 1: paddr=00037b00 vaddr=3ffb0000 size=0508ch ( 20620) load[0m
[0;32mI (198) esp_image: segment 2: paddr=0003cb94 vaddr=40080000 size=03484h ( 13444) load[0m
[0;32mI (203) esp_image: segment 3: paddr=00040020 vaddr=400d0020 size=9b868h (637032) map[0m
[0;32mI (423) esp_image: segment 4: paddr=000db890 vaddr=40083484 size=15cf0h ( 89328) load[0m
[0;32mI (471) boot: Loaded app from partition at offset 0x10000[0m
[0;32mI (471) boot: Disabling RNG early entropy source...[0m
[0;32mI (483) cpu_start: Multicore app[0m
[0;32mI (491) cpu_start: Pro cpu start user code[0m
[0;32mI (491) cpu_start: cpu freq: 160000000 Hz[0m
[0;32mI (491) app_init: Application information:[0m
[0;32mI (494) app_init: Project name:     hello_world[0m
[0;32mI (499) app_init: App version:      1[0m
[0;32mI (504) app_init: Compile time:     Mar 21 2025 12:29:34[0m
[0;32mI (510) app_init: ELF file SHA256:  cbeb31234...[0m
[0;32mI (515) app_init: ESP-IDF:          v5.3.1[0m
[0;32mI (520) efuse_init: Min chip rev:     v0.0[0m
[0;32mI (524) efuse_init: Max chip rev:     v3.99 [0m
[0;32mI (529) efuse_init: Chip rev:         v1.1[0m
[0;32mI (534) heap_init: Initializing. RAM available for dynamic allocation:[0m
[0;32mI (541) heap_init: At 3FFAE6E0 len 00001920 (6 KiB): DRAM[0m
[0;32mI (547) heap_init: At 3FFBB290 len 00024D70 (147 KiB): DRAM[0m
[0;32mI (554) heap_init: At 3FFE0440 len 00003AE0 (14 KiB): D/IRAM[0m
[0;32mI (560) heap_init: At 3FFE4350 len 0001BCB0 (111 KiB): D/IRAM[0m
[0;32mI (566) heap_init: At 40099174 len 00006E8C (27 KiB): IRAM[0m
[0;32mI (574) spi_flash: detected chip: generic[0m
[0;32mI (577) spi_flash: flash io: dio[0m
[0;33mW (581) spi_flash: Detected size(4096k) larger than the size in the binary image header(2048k). Using the size in the binary image header.[0m
[0;33mW (594) i2c: This driver is an old driver, please migrate your application code to adapt `driver/i2c_master.h`[0m
[0;32mI (606) main_task: Started on CPU0[0m
[0;32mI (616) main_task: Calling app_main()[0m
[0;32mI (646) wifi:wifi driver task: 3ffc3198, prio:23, stack:6656, core=0[0m
[0;32mI (656) wifi:wifi firmware version: ccaebfa[0m
[0;32mI (656) wifi:wifi certification version: v7.0[0m
[0;32mI (656) wifi:config NVS flash: enabled[0m
[0;32mI (656) wifi:config nano formating: disabled[0m
[0;32mI (656) wifi:Init data frame dynamic rx buffer num: 32[0m
[0;32mI (666) wifi:Init static rx mgmt buffer num: 5[0m
[0;32mI (666) wifi:Init management short buffer num: 32[0m
[0;32mI (676) wifi:Init dynamic tx buffer num: 32[0m
[0;32mI (676) wifi:Init static rx buffer size: 1600[0m
[0;32mI (686) wifi:Init static rx buffer num: 10[0m
[0;32mI (686) wifi:Init dynamic rx buffer num: 32[0m
[0;32mI (686) wifi_init: rx ba win: 6[0m
[0;32mI (696) wifi_init: accept mbox: 6[0m
[0;32mI (696) wifi_init: tcpip mbox: 32[0m
[0;32mI (696) wifi_init: udp mbox: 6[0m
[0;32mI (706) wifi_init: tcp mbox: 6[0m
[0;32mI (706) wifi_init: tcp tx win: 5760[0m
[0;32mI (716) wifi_init: tcp rx win: 5760[0m
[0;32mI (716) wifi_init: tcp mss: 1440[0m
[0;32mI (716) wifi_init: WiFi IRAM OP enabled[0m
[0;32mI (726) wifi_init: WiFi RX IRAM OP enabled[0m
[0;33mW (726) wifi:Password length matches WPA2 standards, authmode threshold changes from OPEN to WPA2[0m
[0;32mI (736) phy_init: phy_version 4830,54550f7,Jun 20 2024,14:22:08[0m
ï¿½ets Jun  8 2016 00:22:57

rst:0x3 (SW_RESET),boot:0x13 (SPI_FAST_FLASH_BOOT)
configsip: 0, SPIWP:0xee
clk_drv:0x00,q_drv:0x00,d_drv:0x00,cs0_drv:0x00,hd_drv:0x00,wp_drv:0x00
mode:DIO, clock div:2
load:0x3fff0030,len:7176
load:0x40078000,len:15564
ho 0 tail 12 room 4
load:0x40080400,len:4
load:0x40080404,len:3904
entry 0x40080640
[0;32mI (60) boot: ESP-IDF v5.3.1 2nd stage bootloader[0m
[0;32mI (60) boot: compile time Mar 21 2025 12:30:20[0m
[0;32mI (60) boot: Multicore bootloader[0m
[0;32mI (65) boot: chip revision: v1.1[0m
[0;32mI (69) boot.esp32: SPI Speed      : 40MHz[0m
[0;32mI (74) boot.esp32: SPI Mode       : DIO[0m
[0;32mI (78) boot.esp32: SPI Flash Size : 2MB[0m
[0;32mI (83) boot: Enabling RNG early entropy source...[0m
[0;32mI (88) boot: Partition Table:[0m
[0;32mI (92) boot: ## Label            Usage          Type ST Offset   Length[0m
[0;32mI (99) boot:  0 nvs              WiFi data        01 02 00009000 00006000[0m
[0;32mI (106) boot:  1 phy_init         RF data          01 01 0000f000 00001000[0m
[0;32mI (114) boot:  2 factory          factory app      00 00 00010000 00100000[0m
[0;32mI (122) boot: End of partition table[0m
[0;32mI (126) esp_image: segment 0: paddr=00010020 vaddr=3f400020 size=27ad8h (162520) map[0m
[0;32mI (190) esp_image: segment 1: paddr=00037b00 vaddr=3ffb0000 size=0508ch ( 20620) load[0m
[0;32mI (198) esp_image: segment 2: paddr=0003cb94 vaddr=40080000 size=03484h ( 13444) load[0m
[0;32mI (203) esp_image: segment 3: paddr=00040020 vaddr=400d0020 size=9b868h (637032) map[0m
[0;32mI (423) esp_image: segment 4: paddr=000db890 vaddr=40083484 size=15cf0h ( 89328) load[0m
[0;32mI (471) boot: Loaded app from partition at offset 0x10000[0m
[0;32mI (471) boot: Disabling RNG early entropy source...[0m
[0;32mI (483) cpu_start: Multicore app[0m
[0;32mI (491) cpu_start: Pro cpu start user code[0m
[0;32mI (491) cpu_start: cpu freq: 160000000 Hz[0m
[0;32mI (491) app_init: Application information:[0m
[0;32mI (494) app_init: Project name:     hello_world[0m
[0;32mI (499) app_init: App version:      1[0m
[0;32mI (504) app_init: Compile time:     Mar 21 2025 12:29:34[0m
[0;32mI (510) app_init: ELF file SHA256:  cbeb31234...[0m
[0;32mI (515) app_init: ESP-IDF:          v5.3.1[0m
[0;32mI (520) efuse_init: Min chip rev:     v0.0[0m
[0;32mI (524) efuse_init: Max chip rev:     v3.99 [0m
[0;32mI (529) efuse_init: Chip rev:         v1.1[0m
[0;32mI (534) heap_init: Initializing. RAM available for dynamic allocation:[0m
[0;32mI (541) heap_init: At 3FFAE6E0 len 00001920 (6 KiB): DRAM[0m
[0;32mI (547) heap_init: At 3FFBB290 len 00024D70 (147 KiB): DRAM[0m
[0;32mI (554) heap_init: At 3FFE0440 len 00003AE0 (14 KiB): D/IRAM[0m
[0;32mI (560) heap_init: At 3FFE4350 len 0001BCB0 (111 KiB): D/IRAM[0m
[0;32mI (566) heap_init: At 40099174 len 00006E8C (27 KiB): IRAM[0m
[0;32mI (574) spi_flash: detected chip: generic[0m
[0;32mI (577) spi_flash: flash io: dio[0m
[0;33mW (581) spi_flash: Detected size(4096k) larger than the size in the binary image header(2048k). Using the size in the binary image header.[0m
[0;33mW (594) i2c: This driver is an old driver, please migrate your application code to adapt `driver/i2c_master.h`[0m
[0;32mI (606) main_task: Started on CPU0[0m
[0;32mI (616) main_task: Calling app_main()[0m
[0;32mI (646) wifi:wifi driver task: 3ffc3198, prio:23, stack:6656, core=0[0m
[0;32mI (656) wifi:wifi firmware version: ccaebfa[0m
[0;32mI (656) wifi:wifi certification version: v7.0[0m
[0;32mI (656) wifi:config NVS flash: enabled[0m
[0;32mI (656) wifi:config nano formating: disabled[0m
[0;32mI (656) wifi:Init data frame dynamic rx buffer num: 32[0m
[0;32mI (666) wifi:Init static rx mgmt buffer num: 5[0m
[0;32mI (666) wifi:Init management short buffer num: 32[0m
[0;32mI (676) wifi:Init dynamic tx buffer num: 32[0m
[0;32mI (676) wifi:Init static rx buffer size: 1600[0m
[0;32mI (686) wifi:Init static rx buffer num: 10[0m
[0;32mI (686) wifi:Init dynamic rx buffer num: 32[0m
[0;32mI (686) wifi_init: rx ba win: 6[0m
[0;32mI (696) wifi_init: accept mbox: 6[0m
[0;32mI (696) wifi_init: tcpip mbox: 32[0m
[0;32mI (696) wifi_init: udp mbox: 6[0m
[0;32mI (706) wifi_init: tcp mbox: 6[0m
[0;32mI (706) wifi_init: tcp tx win: 5760[0m
[0;32mI (716) wifi_init: tcp rx win: 5760[0m
[0;32mI (716) wifi_init: tcp mss: 1440[0m
[0;32mI (716) wifi_init: WiFi IRAM OP enabled[0m
[0;32mI (726) wifi_init: WiFi RX IRAM OP enabled[0m
[0;33mW (726) wifi:Password length matches WPA2 standards, authmode threshold changes from OPEN to WPA2[0m
[0;32mI (736) phy_init: phy_version 4830,54550f7,Jun 20 2024,14:22:08[0m
ï¿½ets Jun  8 2016 00:22:57

rst:0x3 (SW_RESET),boot:0x13 (SPI_FAST_FLASH_BOOT)
configsip: 0, SPIWP:0xee
clk_drv:0x00,q_drv:0x00,d_drv:0x00,cs0_drv:0x00,hd_drv:0x00,wp_drv:0x00
mode:DIO, clock div:2
load:0x3fff0030,len:7176
load:0x40078000,len:15564
ho 0 tail 12 room 4
load:0x40080400,len:4
load:0x40080404,len:3904
entry 0x40080640
[0;32mI (60) boot: ESP-IDF v5.3.1 2nd stage bootloader[0m
[0;32mI (60) boot: compile time Mar 21 2025 12:30:20[0m
[0;32mI (60) boot: Multicore bootloader[0m
[0;32mI (65) boot: chip revision: v1.1[0m
[0;32mI (69) boot.esp32: SPI Speed      : 40MHz[0m
[0;32mI (74) boot.esp32: SPI Mode       : DIO[0m
[0;32mI (78) boot.esp32: SPI Flash Size : 2MB[0m
[0;32mI (83) boot: Enabling RNG early entropy source...[0m
[0;32mI (88) boot: Partition Table:[0m
[0;32mI (92) boot: ## Label            Usage          Type ST Offset   Length[0m
[0;32mI (99) boot:  0 nvs              WiFi data        01 02 00009000 00006000[0m
[0;32mI (106) boot:  1 phy_init         RF data          01 01 0000f000 00001000[0m
[0;32mI (114) boot:  2 factory          factory app      00 00 00010000 00100000[0m
[0;32mI (122) boot: End of partition table[0m
[0;32mI (126) esp_image: segment 0: paddr=00010020 vaddr=3f400020 size=27ad8h (162520) map[0m
[0;32mI (190) esp_image: segment 1: paddr=00037b00 vaddr=3ffb0000 size=0508ch ( 20620) load[0m
[0;32mI (198) esp_image: segment 2: paddr=0003cb94 vaddr=40080000 size=03484h ( 13444) load[0m
[0;32mI (203) esp_image: segment 3: paddr=00040020 vaddr=400d0020 size=9b868h (637032) map[0m
[0;32mI (423) esp_image: segment 4: paddr=000db890 vaddr=40083484 size=15cf0h ( 89328) load[0m
[0;32mI (471) boot: Loaded app from partition at offset 0x10000[0m
[0;32mI (471) boot: Disabling RNG early entropy source...[0m
[0;32mI (483) cpu_start: Multicore app[0m
[0;32mI (491) cpu_start: Pro cpu start user code[0m
[0;32mI (491) cpu_start: cpu freq: 160000000 Hz[0m
[0;32mI (491) app_init: Application information:[0m
[0;32mI (494) app_init: Project name:     hello_world[0m
[0;32mI (499) app_init: App version:      1[0m
[0;32mI (504) app_init: Compile time:     Mar 21 2025 12:29:34[0m
[0;32mI (510) app_init: ELF file SHA256:  cbeb31234...[0m
[0;32mI (515) app_init: ESP-IDF:          v5.3.1[0m
[0;32mI (520) efuse_init: Min chip rev:     v0.0[0m
[0;32mI (524) efuse_init: Max chip rev:     v3.99 [0m
[0;32mI (529) efuse_init: Chip rev:         v1.1[0m
[0;32mI (534) heap_init: Initializing. RAM available for dynamic allocation:[0m
[0;32mI (542) heap_init: At 3FFAE6E0 len 00001920 (6 KiB): DRAM[0m
[0;32mI (547) heap_init: At 3FFBB290 len 00024D70 (147 KiB): DRAM[0m
[0;32mI (554) heap_init: At 3FFE0440 len 00003AE0 (14 KiB): D/IRAM[0m
[0;32mI (560) heap_init: At 3FFE4350 len 0001BCB0 (111 KiB): D/IRAM[0m
[0;32mI (566) heap_init: At 40099174 len 00006E8C (27 KiB): IRAM[0m
[0;32mI (574) spi_flash: detected chip: generic[0m
[0;32mI (577) spi_flash: flash io: dio[0m
[0;33mW (581) spi_flash: Detected size(4096k) larger than the size in the binary image header(2048k). Using the size in the binary image header.[0m
[0;33mW (594) i2c: This driver is an old driver, please migrate your application code to adapt `driver/i2c_master.h`[0m
[0;32mI (606) main_task: Started on CPU0[0m
[0;32mI (616) main_task: Calling app_main()[0m
[0;32mI (646) wifi:wifi driver task: 3ffc3198, prio:23, stack:6656, core=0[0m
[0;32mI (656) wifi:wifi firmware version: ccaebfa[0m
[0;32mI (656) wifi:wifi certification version: v7.0[0m
[0;32mI (656) wifi:config NVS flash: enabled[0m
[0;32mI (656) wifi:config nano formating: disabled[0m
[0;32mI (656) wifi:Init data frame dynamic rx buffer num: 32[0m
[0;32mI (666) wifi:Init static rx mgmt buffer num: 5[0m
[0;32mI (666) wifi:Init management short buffer num: 32[0m
[0;32mI (676) wifi:Init dynamic tx buffer num: 32[0m
[0;32mI (676) wifi:Init static rx buffer size: 1600[0m
[0;32mI (686) wifi:Init static rx buffer num: 10[0m
[0;32mI (686) wifi:Init dynamic rx buffer num: 32[0m
[0;32mI (686) wifi_init: rx ba win: 6[0m
[0;32mI (696) wifi_init: accept mbox: 6[0m
[0;32mI (696) wifi_init: tcpip mbox: 32[0m
[0;32mI (696) wifi_init: udp mbox: 6[0m
[0;32mI (706) wifi_init: tcp mbox: 6[0m
[0;32mI (706) wifi_init: tcp tx win: 5760[0m
[0;32mI (716) wifi_init: tcp rx win: 5760[0m
[0;32mI (716) wifi_init: tcp mss: 1440[0m
[0;32mI (716) wifi_init: WiFi IRAM OP enabled[0m
[0;32mI (726) wifi_init: WiFi RX IRAM OP enabled[0m
[0;33mW (726) wifi:Password length matches WPA2 standards, authmode threshold changes from OPEN to WPA2[0m
[0;32mI (736) phy_init: phy_version 4830,54550f7,Jun 20 2024,14:22:08[0m
ï¿½ets Jun  8 2016 00:22:57

rst:0x3 (SW_RESET),boot:0x13 (SPI_FAST_FLASH_BOOT)
configsip: 0, SPIWP:0xee
clk_drv:0x00,q_drv:0x00,d_drv:0x00,cs0_drv:0x00,hd_drv:0x00,wp_drv:0x00
mode:DIO, clock div:2
load:0x3fff0030,len:7176
load:0x40078000,len:15564
ho 0 tail 12 room 4
load:0x40080400,len:4
load:0x40080404,len:3904
entry 0x40080640
[0;32mI (60) boot: ESP-IDF v5.3.1 2nd stage bootloader[0m
[0;32mI (60) boot: compile time Mar 21 2025 12:30:20[0m
[0;32mI (60) boot: Multicore bootloader[0m
[0;32mI (65) boot: chip revision: v1.1[0m
[0;32mI (69) boot.esp32: SPI Speed      : 40MHz[0m
[0;32mI (74) boot.esp32: SPI Mode       : DIO[0m
[0;32mI (78) boot.esp32: SPI Flash Size : 2MB[0m
[0;32mI (83) boot: Enabling RNG early entropy source...[0m
[0;32mI (88) boot: Partition Table:[0m
[0;32mI (92) boot: ## Label            Usage          Type ST Offset   Length[0m
[0;32mI (99) boot:  0 nvs              WiFi data        01 02 00009000 00006000[0m
[0;32mI (106) boot:  1 phy_init         RF data          01 01 0000f000 00001000[0m
[0;32mI (114) boot:  2 factory          factory app      00 00 00010000 00100000[0m
[0;32mI (122) boot: End of partition table[0m
[0;32mI (126) esp_image: segment 0: paddr=00010020 vaddr=3f400020 size=27ad8h (162520) map[0m
[0;32mI (190) esp_image: segment 1: paddr=00037b00 vaddr=3ffb0000 size=0508ch ( 20620) load[0m
[0;32mI (198) esp_image: segment 2: paddr=0003cb94 vaddr=40080000 size=03484h ( 13444) load[0m
[0;32mI (203) esp_image: segment 3: paddr=00040020 vaddr=400d0020 size=9b868h (637032) map[0m
[0;32mI (423) esp_image: segment 4: paddr=000db890 vaddr=40083484 size=15cf0h ( 89328) load[0m
[0;32mI (471) boot: Loaded app from partition at offset 0x10000[0m
[0;32mI (471) boot: Disabling RNG early entropy source...[0m
[0;32mI (483) cpu_start: Multicore app[0m
[0;32mI (491) cpu_start: Pro cpu start user code[0m
[0;32mI (491) cpu_start: cpu freq: 160000000 Hz[0m
[0;32mI (491) app_init: Application information:[0m
[0;32mI (494) app_init: Project name:     hello_world[0m
[0;32mI (499) app_init: App version:      1[0m
[0;32mI (504) app_init: Compile time:     Mar 21 2025 12:29:34[0m
[0;32mI (510) app_init: ELF file SHA256:  cbeb31234...[0m
[0;32mI (515) app_init: ESP-IDF:          v5.3.1[0m
[0;32mI (520) efuse_init: Min chip rev:     v0.0[0m
[0;32mI (524) efuse_init: Max chip rev:     v3.99 [0m
[0;32mI (529) efuse_init: Chip rev:         v1.1[0m
[0;32mI (534) heap_init: Initializing. RAM available for dynamic allocation:[0m
[0;32mI (541) heap_init: At 3FFAE6E0 len 00001920 (6 KiB): DRAM[0m
[0;32mI (547) heap_init: At 3FFBB290 len 00024D70 (147 KiB): DRAM[0m
[0;32mI (554) heap_init: At 3FFE0440 len 00003AE0 (14 KiB): D/IRAM[0m
[0;32mI (560) heap_init: At 3FFE4350 len 0001BCB0 (111 KiB): D/IRAM[0m
[0;32mI (566) heap_init: At 40099174 len 00006E8C (27 KiB): IRAM[0m
[0;32mI (574) spi_flash: detected chip: generic[0m
[0;32mI (577) spi_flash: flash io: dio[0m
[0;33mW (581) spi_flash: Detected size(4096k) larger than the size in the binary image header(2048k). Using the size in the binary image header.[0m
[0;33mW (594) i2c: This driver is an old driver, please migrate your application code to adapt `driver/i2c_master.h`[0m
[0;32mI (606) main_task: Started on CPU0[0m
[0;32mI (616) main_task: Calling app_main()[0m
[0;32mI (646) wifi:wifi driver task: 3ffc3198, prio:23, stack:6656, core=0[0m
[0;32mI (656) wifi:wifi firmware version: ccaebfa[0m
[0;32mI (656) wifi:wifi certification version: v7.0[0m
[0;32mI (656) wifi:config NVS flash: enabled[0m
[0;32mI (656) wifi:config nano formating: disabled[0m
[0;32mI (656) wifi:Init data frame dynamic rx buffer num: 32[0m
[0;32mI (666) wifi:Init static rx mgmt buffer num: 5[0m
[0;32mI (666) wifi:Init management short buffer num: 32[0m
[0;32mI (676) wifi:Init dynamic tx buffer num: 32[0m
[0;32mI (676) wifi:Init static rx buffer size: 1600[0m
[0;32mI (686) wifi:Init static rx buffer num: 10[0m
[0;32mI (686) wifi:Init dynamic rx buffer num: 32[0m
[0;32mI (686) wifi_init: rx ba win: 6[0m
[0;32mI (696) wifi_init: accept mbox: 6[0m
[0;32mI (696) wifi_init: tcpip mbox: 32[0m
[0;32mI (696) wifi_init: udp mbox: 6[0m
[0;32mI (706) wifi_init: tcp mbox: 6[0m
[0;32mI (706) wifi_init: tcp tx win: 5760[0m
[0;32mI (716) wifi_init: tcp rx win: 5760[0m
[0;32mI (716) wifi_init: tcp mss: 1440[0m
[0;32mI (716) wifi_init: WiFi IRAM OP enabled[0m
[0;32mI (726) wifi_init: WiFi RX IRAM OP enabled[0m
[0;33mW (726) wifi:Password length matches WPA2 standards, authmode threshold changes from OPEN to WPA2[0m
[0;32mI (736) phy_init: phy_version 4830,54550f7,Jun 20 2024,14:22:08[0m
ï¿½ets Jun  8 2016 00:22:57

rst:0x3 (SW_RESET),boot:0x13 (SPI_FAST_FLASH_BOOT)
configsip: 0, SPIWP:0xee
clk_drv:0x00,q_drv:0x00,d_drv:0x00,cs0_drv:0x00,hd_drv:0x00,wp_drv:0x00
mode:DIO, clock div:2
load:0x3fff0030,len:7176
load:0x40078000,len:15564
ho 0 tail 12 room 4
load:0x40080400,len:4
load:0x40080404,len:3904
entry 0x40080640
[0;32mI (60) boot: ESP-IDF v5.3.1 2nd stage bootloader[0m
[0;32mI (60) boot: compile time Mar 21 2025 12:30:20[0m
[0;32mI (60) boot: Multicore bootloader[0m
[0;32mI (65) boot: chip revision: v1.1[0m
[0;32mI (69) boot.esp32: SPI Speed      : 40MHz[0m
[0;32mI (74) boot.esp32: SPI Mode       : DIO[0m
[0;32mI (78) boot.esp32: SPI Flash Size : 2MB[0m
[0;32mI (83) boot: Enabling RNG early entropy source...[0m
[0;32mI (88) boot: Partition Table:[0m
[0;32mI (92) boot: ## Label            Usage          Type ST Offset   Length[0m
[0;32mI (99) boot:  0 nvs              WiFi data        01 02 00009000 00006000[0m
[0;32mI (106) boot:  1 phy_init         RF data          01 01 0000f000 00001000[0m
[0;32mI (114) boot:  2 factory          factory app      00 00 00010000 00100000[0m
[0;32mI (122) boot: End of partition table[0m
[0;32mI (126) esp_image: segment 0: paddr=00010020 vaddr=3f400020 size=27ad8h (162520) map[0m
[0;32mI (190) esp_image: segment 1: paddr=00037b00 vaddr=3ffb0000 size=0508ch ( 20620) load[0m
[0;32mI (198) esp_image: segment 2: paddr=0003cb94 vaddr=40080000 size=03484h ( 13444) load[0m
[0;32mI (203) esp_image: segment 3: paddr=00040020 vaddr=400d0020 size=9b868h (637032) map[0m
[0;32mI (423) esp_image: segment 4: paddr=000db890 vaddr=40083484 size=15cf0h ( 89328) load[0m
[0;32mI (471) boot: Loaded app from partition at offset 0x10000[0m
[0;32mI (471) boot: Disabling RNG early entropy source...[0m
[0;32mI (483) cpu_start: Multicore app[0m
[0;32mI (491) cpu_start: Pro cpu start user code[0m
[0;32mI (491) cpu_start: cpu freq: 160000000 Hz[0m
[0;32mI (491) app_init: Application information:[0m
[0;32mI (494) app_init: Project name:     hello_world[0m
[0;32mI (499) app_init: App version:      1[0m
[0;32mI (504) app_init: Compile time:     Mar 21 2025 12:29:34[0m
[0;32mI (510) app_init: ELF file SHA256:  cbeb31234...[0m
[0;32mI (515) app_init: ESP-IDF:          v5.3.1[0m
[0;32mI (520) efuse_init: Min chip rev:     v0.0[0m
[0;32mI (524) efuse_init: Max chip rev:     v3.99 [0m
[0;32mI (529) efuse_init: Chip rev:         v1.1[0m
[0;32mI (534) heap_init: Initializing. RAM available for dynamic allocation:[0m
[0;32mI (541) heap_init: At 3FFAE6E0 len 00001920 (6 KiB): DRAM[0m
[0;32mI (547) heap_init: At 3FFBB290 len 00024D70 (147 KiB): DRAM[0m
[0;32mI (554) heap_init: At 3FFE0440 len 00003AE0 (14 KiB): D/IRAM[0m
[0;32mI (560) heap_init: At 3FFE4350 len 0001BCB0 (111 KiB): D/IRAM[0m
[0;32mI (566) heap_init: At 40099174 len 00006E8C (27 KiB): IRAM[0m
[0;32mI (574) spi_flash: detected chip: generic[0m
[0;32mI (577) spi_flash: flash io: dio[0m
[0;33mW (581) spi_flash: Detected size(4096k) larger than the size in the binary image header(2048k). Using the size in the binary image header.[0m
[0;33mW (594) i2c: This driver is an old driver, please migrate your application code to adapt `driver/i2c_master.h`[0m
[0;32mI (606) main_task: Started on CPU0[0m
[0;32mI (616) main_task: Calling app_main()[0m
[0;32mI (646) wifi:wifi driver task: 3ffc3198, prio:23, stack:6656, core=0[0m
[0;32mI (656) wifi:wifi firmware version: ccaebfa[0m
[0;32mI (656) wifi:wifi certification version: v7.0[0m
[0;32mI (656) wifi:config NVS flash: enabled[0m
[0;32mI (656) wifi:config nano formating: disabled[0m
[0;32mI (656) wifi:Init data frame dynamic rx buffer num: 32[0m
[0;32mI (666) wifi:Init static rx mgmt buffer num: 5[0m
[0;32mI (666) wifi:Init management short buffer num: 32[0m
[0;32mI (676) wifi:Init dynamic tx buffer num: 32[0m
[0;32mI (676) wifi:Init static rx buffer size: 1600[0m
[0;32mI (686) wifi:Init static rx buffer num: 10[0m
[0;32mI (686) wifi:Init dynamic rx buffer num: 32[0m
[0;32mI (686) wifi_init: rx ba win: 6[0m
[0;32mI (696) wifi_init: accept mbox: 6[0m
[0;32mI (696) wifi_init: tcpip mbox: 32[0m
[0;32mI (696) wifi_init: udp mbox: 6[0m
[0;32mI (706) wifi_init: tcp mbox: 6[0m
[0;32mI (706) wifi_init: tcp tx win: 5760[0m
[0;32mI (716) wifi_init: tcp rx win: 5760[0m
[0;32mI (716) wifi_init: tcp mss: 1440[0m
[0;32mI (716) wifi_init: WiFi IRAM OP enabled[0m
[0;32mI (726) wifi_init: WiFi RX IRAM OP enabled[0m
[0;33mW (726) wifi:Password length matches WPA2 standards, authmode threshold changes from OPEN to WPA2[0m
[0;32mI (736) phy_init: phy_version 4830,54550f7,Jun 20 2024,14:22:08[0m
ï¿½ets Jun  8 2016 00:22:57

rst:0x3 (SW_RESET),boot:0x13 (SPI_FAST_FLASH_BOOT)
configsip: 0, SPIWP:0xee
clk_drv:0x00,q_drv:0x00,d_drv:0x00,cs0_drv:0x00,hd_drv:0x00,wp_drv:0x00
mode:DIO, clock div:2
load:0x3fff0030,len:7176
load:0x40078000,len:15564
ho 0 tail 12 room 4
load:0x40080400,len:4
load:0x40080404,len:3904
entry 0x40080640
[0;32mI (60) boot: ESP-IDF v5.3.1 2nd stage bootloader[0m
[0;32mI (60) boot: compile time Mar 21 2025 12:30:20[0m
[0;32mI (60) boot: Multicore bootloader[0m
[0;32mI (65) boot: chip revision: v1.1[0m
[0;32mI (69) boot.esp32: SPI Speed      : 40MHz[0m
[0;32mI (74) boot.esp32: SPI Mode       : DIO[0m
[0;32mI (78) boot.esp32: SPI Flash Size : 2MB[0m
[0;32mI (83) boot: Enabling RNG early entropy source...[0m
[0;32mI (88) boot: Partition Table:[0m
[0;32mI (92) boot: ## Label            Usage          Type ST Offset   Length[0m
[0;32mI (99) boot:  0 nvs              WiFi data        01 02 00009000 00006000[0m
[0;32mI (106) boot:  1 phy_init         RF data          01 01 0000f000 00001000[0m
[0;32mI (114) boot:  2 factory          factory app      00 00 00010000 00100000[0m
[0;32mI (122) boot: End of partition table[0m
[0;32mI (126) esp_image: segment 0: paddr=00010020 vaddr=3f400020 size=27ad8h (162520) map[0m
[0;32mI (190) esp_image: segment 1: paddr=00037b00 vaddr=3ffb0000 size=0508ch ( 20620) load[0m
[0;32mI (198) esp_image: segment 2: paddr=0003cb94 vaddr=40080000 size=03484h ( 13444) load[0m
[0;32mI (203) esp_image: segment 3: paddr=00040020 vaddr=400d0020 size=9b868h (637032) map[0m
[0;32mI (423) esp_image: segment 4: paddr=000db890 vaddr=40083484 size=15cf0h ( 89328) load[0m
[0;32mI (471) boot: Loaded app from partition at offset 0x10000[0m
[0;32mI (471) boot: Disabling RNG early entropy source...[0m
[0;32mI (483) cpu_start: Multicore app[0m
[0;32mI (491) cpu_start: Pro cpu start user code[0m
[0;32mI (491) cpu_start: cpu freq: 160000000 Hz[0m
[0;32mI (491) app_init: Application information:[0m
[0;32mI (494) app_init: Project name:     hello_world[0m
[0;32mI (499) app_init: App version:      1[0m
[0;32mI (504) app_init: Compile time:     Mar 21 2025 12:29:34[0m
[0;32mI (510) app_init: ELF file SHA256:  cbeb31234...[0m
[0;32mI (515) app_init: ESP-IDF:          v5.3.1[0m
[0;32mI (520) efuse_init: Min chip rev:     v0.0[0m
[0;32mI (524) efuse_init: Max chip rev:     v3.99 [0m
[0;32mI (529) efuse_init: Chip rev:         v1.1[0m
[0;32mI (534) heap_init: Initializing. RAM available for dynamic allocation:[0m
[0;32mI (542) heap_init: At 3FFAE6E0 len 00001920 (6 KiB): DRAM[0m
[0;32mI (547) heap_init: At 3FFBB290 len 00024D70 (147 KiB): DRAM[0m
[0;32mI (554) heap_init: At 3FFE0440 len 00003AE0 (14 KiB): D/IRAM[0m
[0;32mI (560) heap_init: At 3FFE4350 len 0001BCB0 (111 KiB): D/IRAM[0m
[0;32mI (566) heap_init: At 40099174 len 00006E8C (27 KiB): IRAM[0m
[0;32mI (574) spi_flash: detected chip: generic[0m
[0;32mI (577) spi_flash: flash io: dio[0m
[0;33mW (581) spi_flash: Detected size(4096k) larger than the size in the binary image header(2048k). Using the size in the binary image header.[0m
[0;33mW (594) i2c: This driver is an old driver, please migrate your application code to adapt `driver/i2c_master.h`[0m
[0;32mI (606) main_task: Started on CPU0[0m
[0;32mI (616) main_task: Calling app_main()[0m
[0;32mI (646) wifi:wifi driver task: 3ffc3198, prio:23, stack:6656, core=0[0m
[0;32mI (656) wifi:wifi firmware version: ccaebfa[0m
[0;32mI (656) wifi:wifi certification version: v7.0[0m
[0;32mI (656) wifi:config NVS flash: enabled[0m
[0;32mI (656) wifi:config nano formating: disabled[0m
[0;32mI (656) wifi:Init data frame dynamic rx buffer num: 32[0m
[0;32mI (666) wifi:Init static rx mgmt buffer num: 5[0m
[0;32mI (666) wifi:Init management short buffer num: 32[0m
[0;32mI (676) wifi:Init dynamic tx buffer num: 32[0m
[0;32mI (676) wifi:Init static rx buffer size: 1600[0m
[0;32mI (686) wifi:Init static rx buffer num: 10[0m
[0;32mI (686) wifi:Init dynamic rx buffer num: 32[0m
[0;32mI (686) wifi_init: rx ba win: 6[0m
[0;32mI (696) wifi_init: accept mbox: 6[0m
[0;32mI (696) wifi_init: tcpip mbox: 32[0m
[0;32mI (696) wifi_init: udp mbox: 6[0m
[0;32mI (706) wifi_init: tcp mbox: 6[0m
[0;32mI (706) wifi_init: tcp tx win: 5760[0m
[0;32mI (716) wifi_init: tcp rx win: 5760[0m
[0;32mI (716) wifi_init: tcp mss: 1440[0m
[0;32mI (716) wifi_init: WiFi IRAM OP enabled[0m
[0;32mI (726) wifi_init: WiFi RX IRAM OP enabled[0m
[0;33mW (726) wifi:Password length matches WPA2 standards, authmode threshold changes from OPEN to WPA2[0m
[0;32mI (736) phy_init: phy_version 4830,54550f7,Jun 20 2024,14:22:08[0m
ï¿½ets Jun  8 2016 00:22:57

rst:0x3 (SW_RESET),boot:0x13 (SPI_FAST_FLASH_BOOT)
configsip: 0, SPIWP:0xee
clk_drv:0x00,q_drv:0x00,d_drv:0x00,cs0_drv:0x00,hd_drv:0x00,wp_drv:0x00
mode:DIO, clock div:2
load:0x3fff0030,len:7176
load:0x40078000,len:15564
ho 0 tail 12 room 4
load:0x40080400,len:4
load:0x40080404,len:3904
entry 0x40080640
[0;32mI (60) boot: ESP-IDF v5.3.1 2nd stage bootloader[0m
[0;32mI (60) boot: compile time Mar 21 2025 12:30:20[0m
[0;32mI (60) boot: Multicore bootloader[0m
[0;32mI (65) boot: chip revision: v1.1[0m
[0;32mI (69) boot.esp32: SPI Speed      : 40MHz[0m
[0;32mI (74) boot.esp32: SPI Mode       : DIO[0m
[0;32mI (78) boot.esp32: SPI Flash Size : 2MB[0m
[0;32mI (83) boot: Enabling RNG early entropy source...[0m
[0;32mI (88) boot: Partition Table:[0m
[0;32mI (92) boot: ## Label            Usage          Type ST Offset   Length[0m
[0;32mI (99) boot:  0 nvs              WiFi data        01 02 00009000 00006000[0m
[0;32mI (106) boot:  1 phy_init         RF data          01 01 0000f000 00001000[0m
[0;32mI (114) boot:  2 factory          factory app      00 00 00010000 00100000[0m
[0;32mI (122) boot: End of partition table[0m
[0;32mI (126) esp_image: segment 0: paddr=00010020 vaddr=3f400020 size=27ad8h (162520) map[0m
[0;32mI (190) esp_image: segment 1: paddr=00037b00 vaddr=3ffb0000 size=0508ch ( 20620) load[0m
[0;32mI (198) esp_image: segment 2: paddr=0003cb94 vaddr=40080000 size=03484h ( 13444) load[0m
[0;32mI (203) esp_image: segment 3: paddr=00040020 vaddr=400d0020 size=9b868h (637032) map[0m
[0;32mI (423) esp_image: segment 4: paddr=000db890 vaddr=40083484 size=15cf0h ( 89328) load[0m
[0;32mI (471) boot: Loaded app from partition at offset 0x10000[0m
[0;32mI (471) boot: Disabling RNG early entropy source...[0m
[0;32mI (483) cpu_start: Multicore app[0m
[0;32mI (491) cpu_start: Pro cpu start user code[0m
[0;32mI (491) cpu_start: cpu freq: 160000000 Hz[0m
[0;32mI (491) app_init: Application information:[0m
[0;32mI (494) app_init: Project name:     hello_world[0m
[0;32mI (499) app_init: App version:      1[0m
[0;32mI (504) app_init: Compile time:     Mar 21 2025 12:29:34[0m
[0;32mI (510) app_init: ELF file SHA256:  cbeb31234...[0m
[0;32mI (515) app_init: ESP-IDF:          v5.3.1[0m
[0;32mI (520) efuse_init: Min chip rev:     v0.0[0m
[0;32mI (524) efuse_init: Max chip rev:     v3.99 [0m
[0;32mI (529) efuse_init: Chip rev:         v1.1[0m
[0;32mI (534) heap_init: Initializing. RAM available for dynamic allocation:[0m
[0;32mI (541) heap_init: At 3FFAE6E0 len 00001920 (6 KiB): DRAM[0m
[0;32mI (547) heap_init: At 3FFBB290 len 00024D70 (147 KiB): DRAM[0m
[0;32mI (554) heap_init: At 3FFE0440 len 00003AE0 (14 KiB): D/IRAM[0m
[0;32mI (560) heap_init: At 3FFE4350 len 0001BCB0 (111 KiB): D/IRAM[0m
[0;32mI (566) heap_init: At 40099174 len 00006E8C (27 KiB): IRAM[0m
[0;32mI (574) spi_flash: detected chip: generic[0m
[0;32mI (577) spi_flash: flash io: dio[0m
[0;33mW (581) spi_flash: Detected size(4096k) larger than the size in the binary image header(2048k). Using the size in the binary image header.[0m
[0;33mW (594) i2c: This driver is an old driver, please migrate your application code to adapt `driver/i2c_master.h`[0m
[0;32mI (606) main_task: Started on CPU0[0m
[0;32mI (616) main_task: Calling app_main()[0m
[0;32mI (646) wifi:wifi driver task: 3ffc3198, prio:23, stack:6656, core=0[0m
[0;32mI (656) wifi:wifi firmware version: ccaebfa[0m
[0;32mI (656) wifi:wifi certification version: v7.0[0m
[0;32mI (656) wifi:config NVS flash: enabled[0m
[0;32mI (656) wifi:config nano formating: disabled[0m
[0;32mI (656) wifi:Init data frame dynamic rx buffer num: 32[0m
[0;32mI (666) wifi:Init static rx mgmt buffer num: 5[0m
[0;32mI (666) wifi:Init management short buffer num: 32[0m
[0;32mI (676) wifi:Init dynamic tx buffer num: 32[0m
[0;32mI (676) wifi:Init static rx buffer size: 1600[0m
[0;32mI (686) wifi:Init static rx buffer num: 10[0m
[0;32mI (686) wifi:Init dynamic rx buffer num: 32[0m
[0;32mI (686) wifi_init: rx ba win: 6[0m
[0;32mI (696) wifi_init: accept mbox: 6[0m
[0;32mI (696) wifi_init: tcpip mbox: 32[0m
[0;32mI (696) wifi_init: udp mbox: 6[0m
[0;32mI (706) wifi_init: tcp mbox: 6[0m
[0;32mI (706) wifi_init: tcp tx win: 5760[0m
[0;32mI (716) wifi_init: tcp rx win: 5760[0m
[0;32mI (716) wifi_init: tcp mss: 1440[0m
[0;32mI (716) wifi_init: WiFi IRAM OP enabled[0m
[0;32mI (726) wifi_init: WiFi RX IRAM OP enabled[0m
[0;33mW (726) wifi:Password length matches WPA2 standards, authmode threshold changes from OPEN to WPA2[0m
[0;32mI (736) phy_init: phy_version 4830,54550f7,Jun 20 2024,14:22:08[0m
ï¿½ets Jun  8 2016 00:22:57

rst:0x3 (SW_RESET),boot:0x13 (SPI_FAST_FLASH_BOOT)
configsip: 0, SPIWP:0xee
clk_drv:0x00,q_drv:0x00,d_drv:0x00,cs0_drv:0x00,hd_drv:0x00,wp_drv:0x00
mode:DIO, clock div:2
load:0x3fff0030,len:7176
load:0x40078000,len:15564
ho 0 tail 12 room 4
load:0x40080400,len:4
load:0x40080404,len:3904
entry 0x40080640
[0;32mI (60) boot: ESP-IDF v5.3.1 2nd stage bootloader[0m
[0;32mI (60) boot: compile time Mar 21 2025 12:30:20[0m
[0;32mI (60) boot: Multicore bootloader[0m
[0;32mI (65) boot: chip revision: v1.1[0m
[0;32mI (69) boot.esp32: SPI Speed      : 40MHz[0m
[0;32mI (74) boot.esp32: SPI Mode       : DIO[0m
[0;32mI (78) boot.esp32: SPI Flash Size : 2MB[0m
[0;32mI (83) boot: Enabling RNG early entropy source...[0m
[0;32mI (88) boot: Partition Table:[0m
[0;32mI (92) boot: ## Label            Usage          Type ST Offset   Length[0m
[0;32mI (99) boot:  0 nvs              WiFi data        01 02 00009000 00006000[0m
[0;32mI (106) boot:  1 phy_init         RF data          01 01 0000f000 00001000[0m
[0;32mI (114) boot:  2 factory          factory app      00 00 00010000 00100000[0m
[0;32mI (122) boot: End of partition table[0m
[0;32mI (126) esp_image: segment 0: paddr=00010020 vaddr=3f400020 size=27ad8h (162520) map[0m
[0;32mI (190) esp_image: segment 1: paddr=00037b00 vaddr=3ffb0000 size=0508ch ( 20620) load[0m
[0;32mI (198) esp_image: segment 2: paddr=0003cb94 vaddr=40080000 size=03484h ( 13444) load[0m
[0;32mI (203) esp_image: segment 3: paddr=00040020 vaddr=400d0020 size=9b868h (637032) map[0m
[0;32mI (423) esp_image: segment 4: paddr=000db890 vaddr=40083484 size=15cf0h ( 89328) load[0m
[0;32mI (471) boot: Loaded app from partition at offset 0x10000[0m
[0;32mI (471) boot: Disabling RNG early entropy source...[0m
[0;32mI (483) cpu_start: Multicore app[0m
[0;32mI (491) cpu_start: Pro cpu start user code[0m
[0;32mI (491) cpu_start: cpu freq: 160000000 Hz[0m
[0;32mI (491) app_init: Application information:[0m
[0;32mI (494) app_init: Project name:     hello_world[0m
[0;32mI (499) app_init: App version:      1[0m
[0;32mI (504) app_init: Compile time:     Mar 21 2025 12:29:34[0m
[0;32mI (510) app_init: ELF file SHA256:  cbeb31234...[0m
[0;32mI (515) app_init: ESP-IDF:          v5.3.1[0m
[0;32mI (520) efuse_init: Min chip rev:     v0.0[0m
[0;32mI (524) efuse_init: Max chip rev:     v3.99 [0m
[0;32mI (529) efuse_init: Chip rev:         v1.1[0m
[0;32mI (534) heap_init: Initializing. RAM available for dynamic allocation:[0m
[0;32mI (541) heap_init: At 3FFAE6E0 len 00001920 (6 KiB): DRAM[0m
[0;32mI (547) heap_init: At 3FFBB290 len 00024D70 (147 KiB): DRAM[0m
[0;32mI (554) heap_init: At 3FFE0440 len 00003AE0 (14 KiB): D/IRAM[0m
[0;32mI (560) heap_init: At 3FFE4350 len 0001BCB0 (111 KiB): D/IRAM[0m
[0;32mI (566) heap_init: At 40099174 len 00006E8C (27 KiB): IRAM[0m
[0;32mI (574) spi_flash: detected chip: generic[0m
[0;32mI (577) spi_flash: flash io: dio[0m
[0;33mW (581) spi_flash: Detected size(4096k) larger than the size in the binary image header(2048k). Using the size in the binary image header.[0m
[0;33mW (594) i2c: This driver is an old driver, please migrate your application code to adapt `driver/i2c_master.h`[0m
[0;32mI (606) main_task: Started on CPU0[0m
[0;32mI (616) main_task: Calling app_main()[0m
[0;32mI (646) wifi:wifi driver task: 3ffc3198, prio:23, stack:6656, core=0[0m
[0;32mI (656) wifi:wifi firmware version: ccaebfa[0m
[0;32mI (656) wifi:wifi certification version: v7.0[0m
[0;32mI (656) wifi:config NVS flash: enabled[0m
[0;32mI (656) wifi:config nano formating: disabled[0m
[0;32mI (656) wifi:Init data frame dynamic rx buffer num: 32[0m
[0;32mI (666) wifi:Init static rx mgmt buffer num: 5[0m
[0;32mI (666) wifi:Init management short buffer num: 32[0m
[0;32mI (676) wifi:Init dynamic tx buffer num: 32[0m
[0;32mI (676) wifi:Init static rx buffer size: 1600[0m
[0;32mI (686) wifi:Init static rx buffer num: 10[0m
[0;32mI (686) wifi:Init dynamic rx buffer num: 32[0m
[0;32mI (686) wifi_init: rx ba win: 6[0m
[0;32mI (696) wifi_init: accept mbox: 6[0m
[0;32mI (696) wifi_init: tcpip mbox: 32[0m
[0;32mI (696) wifi_init: udp mbox: 6[0m
[0;32mI (706) wifi_init: tcp mbox: 6[0m
[0;32mI (706) wifi_init: tcp tx win: 5760[0m
[0;32mI (716) wifi_init: tcp rx win: 5760[0m
[0;32mI (716) wifi_init: tcp mss: 1440[0m
[0;32mI (716) wifi_init: WiFi IRAM OP enabled[0m
[0;32mI (726) wifi_init: WiFi RX IRAM OP enabled[0m
[0;33mW (726) wifi:Password length matches WPA2 standards, authmode threshold changes from OPEN to WPA2[0m
[0;32mI (736) phy_init: phy_version 4830,54550f7,Jun 20 2024,14:22:08[0m
ï¿½ets Jun  8 2016 00:22:57

rst:0x3 (SW_RESET),boot:0x13 (SPI_FAST_FLASH_BOOT)
configsip: 0, SPIWP:0xee
clk_drv:0x00,q_drv:0x00,d_drv:0x00,cs0_drv:0x00,hd_drv:0x00,wp_drv:0x00
mode:DIO, clock div:2
load:0x3fff0030,len:7176
load:0x40078000,len:15564
ho 0 tail 12 room 4
load:0x40080400,len:4
load:0x40080404,len:3904
entry 0x40080640
[0;32mI (60) boot: ESP-IDF v5.3.1 2nd stage bootloader[0m
[0;32mI (60) boot: compile time Mar 21 2025 12:30:20[0m
[0;32mI (60) boot: Multicore bootloader[0m
[0;32mI (65) boot: chip revision: v1.1[0m
[0;32mI (69) boot.esp32: SPI Speed      : 40MHz[0m
[0;32mI (74) boot.esp32: SPI Mode       : DIO[0m
[0;32mI (78) boot.esp32: SPI Flash Size : 2MB[0m
[0;32mI (83) boot: Enabling RNG early entropy source...[0m
[0;32mI (88) boot: Partition Table:[0m
[0;32mI (92) boot: ## Label            Usage          Type ST Offset   Length[0m
[0;32mI (99) boot:  0 nvs              WiFi data        01 02 00009000 00006000[0m
[0;32mI (106) boot:  1 phy_init         RF data          01 01 0000f000 00001000[0m
[0;32mI (114) boot:  2 factory          factory app      00 00 00010000 00100000[0m
[0;32mI (122) boot: End of partition table[0m
[0;32mI (126) esp_image: segment 0: paddr=00010020 vaddr=3f400020 size=27ad8h (162520) map[0m
[0;32mI (190) esp_image: segment 1: paddr=00037b00 vaddr=3ffb0000 size=0508ch ( 20620) load[0m
[0;32mI (198) esp_image: segment 2: paddr=0003cb94 vaddr=40080000 size=03484h ( 13444) load[0m
[0;32mI (203) esp_image: segment 3: paddr=00040020 vaddr=400d0020 size=9b868h (637032) map[0m
[0;32mI (423) esp_image: segment 4: paddr=000db890 vaddr=40083484 size=15cf0h ( 89328) load[0m
[0;32mI (471) boot: Loaded app from partition at offset 0x10000[0m
[0;32mI (471) boot: Disabling RNG early entropy source...[0m
[0;32mI (483) cpu_start: Multicore app[0m
[0;32mI (491) cpu_start: Pro cpu start user code[0m
[0;32mI (491) cpu_start: cpu freq: 160000000 Hz[0m
[0;32mI (491) app_init: Application information:[0m
[0;32mI (494) app_init: Project name:     hello_world[0m
[0;32mI (499) app_init: App version:      1[0m
[0;32mI (504) app_init: Compile time:     Mar 21 2025 12:29:34[0m
[0;32mI (510) app_init: ELF file SHA256:  cbeb31234...[0m
[0;32mI (515) app_init: ESP-IDF:          v5.3.1[0m
[0;32mI (520) efuse_init: Min chip rev:     v0.0[0m
[0;32mI (524) efuse_init: Max chip rev:     v3.99 [0m
[0;32mI (529) efuse_init: Chip rev:         v1.1[0m
[0;32mI (534) heap_init: Initializing. RAM available for dynamic allocation:[0m
[0;32mI (541) heap_init: At 3FFAE6E0 len 00001920 (6 KiB): DRAM[0m
[0;32mI (547) heap_init: At 3FFBB290 len 00024D70 (147 KiB): DRAM[0m
[0;32mI (554) heap_init: At 3FFE0440 len 00003AE0 (14 KiB): D/IRAM[0m
[0;32mI (560) heap_init: At 3FFE4350 len 0001BCB0 (111 KiB): D/IRAM[0m
[0;32mI (566) heap_init: At 40099174 len 00006E8C (27 KiB): IRAM[0m
[0;32mI (574) spi_flash: detected chip: generic[0m
[0;32mI (577) spi_flash: flash io: dio[0m
[0;33mW (581) spi_flash: Detected size(4096k) larger than the size in the binary image header(2048k). Using the size in the binary image header.[0m
[0;33mW (594) i2c: This driver is an old driver, please migrate your application code to adapt `driver/i2c_master.h`[0m
[0;32mI (606) main_task: Started on CPU0[0m
[0;32mI (616) main_task: Calling app_main()[0m
[0;32mI (646) wifi:wifi driver task: 3ffc3198, prio:23, stack:6656, core=0[0m
[0;32mI (656) wifi:wifi firmware version: ccaebfa[0m
[0;32mI (656) wifi:wifi certification version: v7.0[0m
[0;32mI (656) wifi:config NVS flash: enabled[0m
[0;32mI (656) wifi:config nano formating: disabled[0m
[0;32mI (656) wifi:Init data frame dynamic rx buffer num: 32[0m
[0;32mI (666) wifi:Init static rx mgmt buffer num: 5[0m
[0;32mI (666) wifi:Init management short buffer num: 32[0m
[0;32mI (676) wifi:Init dynamic tx buffer num: 32[0m
[0;32mI (676) wifi:Init static rx buffer size: 1600[0m
[0;32mI (686) wifi:Init static rx buffer num: 10[0m
[0;32mI (686) wifi:Init dynamic rx buffer num: 32[0m
[0;32mI (686) wifi_init: rx ba win: 6[0m
[0;32mI (696) wifi_init: accept mbox: 6[0m
[0;32mI (696) wifi_init: tcpip mbox: 32[0m
[0;32mI (696) wifi_init: udp mbox: 6[0m
[0;32mI (706) wifi_init: tcp mbox: 6[0m
[0;32mI (706) wifi_init: tcp tx win: 5760[0m
[0;32mI (716) wifi_init: tcp rx win: 5760[0m
[0;32mI (716) wifi_init: tcp mss: 1440[0m
[0;32mI (716) wifi_init: WiFi IRAM OP enabled[0m
[0;32mI (726) wifi_init: WiFi RX IRAM OP enabled[0m
[0;33mW (726) wifi:Password length matches WPA2 standards, authmode threshold changes from OPEN to WPA2[0m
[0;32mI (736) phy_init: phy_version 4830,54550f7,Jun 20 2024,14:22:08[0m
ï¿½ets Jun  8 2016 00:22:57

rst:0x3 (SW_RESET),boot:0x13 (SPI_FAST_FLASH_BOOT)
configsip: 0, SPIWP:0xee
clk_drv:0x00,q_drv:0x00,d_drv:0x00,cs0_drv:0x00,hd_drv:0x00,wp_drv:0x00
mode:DIO, clock div:2
load:0x3fff0030,len:7176
load:0x40078000,len:15564
ho 0 tail 12 room 4
load:0x40080400,len:4
load:0x40080404,len:3904
entry 0x40080640
[0;32mI (60) boot: ESP-IDF v5.3.1 2nd stage bootloader[0m
[0;32mI (60) boot: compile time Mar 21 2025 12:30:20[0m
[0;32mI (60) boot: Multicore bootloader[0m
[0;32mI (65) boot: chip revision: v1.1[0m
[0;32mI (69) boot.esp32: SPI Speed      : 40MHz[0m
[0;32mI (74) boot.esp32: SPI Mode       : DIO[0m
[0;32mI (78) boot.esp32: SPI Flash Size : 2MB[0m
[0;32mI (83) boot: Enabling RNG early entropy source...[0m
[0;32mI (88) boot: Partition Table:[0m
[0;32mI (92) boot: ## Label            Usage          Type ST Offset   Length[0m
[0;32mI (99) boot:  0 nvs              WiFi data        01 02 00009000 00006000[0m
[0;32mI (106) boot:  1 phy_init         RF data          01 01 0000f000 00001000[0m
[0;32mI (114) boot:  2 factory          factory app      00 00 00010000 00100000[0m
[0;32mI (122) boot: End of partition table[0m
[0;32mI (126) esp_image: segment 0: paddr=00010020 vaddr=3f400020 size=27ad8h (162520) map[0m
[0;32mI (190) esp_image: segment 1: paddr=00037b00 vaddr=3ffb0000 size=0508ch ( 20620) load[0m
[0;32mI (198) esp_image: segment 2: paddr=0003cb94 vaddr=40080000 size=03484h ( 13444) load[0m
[0;32mI (203) esp_image: segment 3: paddr=00040020 vaddr=400d0020 size=9b868h (637032) map[0m
[0;32mI (423) esp_image: segment 4: paddr=000db890 vaddr=40083484 size=15cf0h ( 89328) load[0m
[0;32mI (471) boot: Loaded app from partition at offset 0x10000[0m
[0;32mI (471) boot: Disabling RNG early entropy source...[0m
[0;32mI (483) cpu_start: Multicore app[0m
[0;32mI (491) cpu_start: Pro cpu start user code[0m
[0;32mI (491) cpu_start: cpu freq: 160000000 Hz[0m
[0;32mI (491) app_init: Application information:[0m
[0;32mI (494) app_init: Project name:     hello_world[0m
[0;32mI (499) app_init: App version:      1[0m
[0;32mI (504) app_init: Compile time:     Mar 21 2025 12:29:34[0m
[0;32mI (510) app_init: ELF file SHA256:  cbeb31234...[0m
[0;32mI (515) app_init: ESP-IDF:          v5.3.1[0m
[0;32mI (520) efuse_init: Min chip rev:     v0.0[0m
[0;32mI (524) efuse_init: Max chip rev:     v3.99 [0m
[0;32mI (529) efuse_init: Chip rev:         v1.1[0m
[0;32mI (534) heap_init: Initializing. RAM available for dynamic allocation:[0m
[0;32mI (541) heap_init: At 3FFAE6E0 len 00001920 (6 KiB): DRAM[0m
[0;32mI (547) heap_init: At 3FFBB290 len 00024D70 (147 KiB): DRAM[0m
[0;32mI (554) heap_init: At 3FFE0440 len 00003AE0 (14 KiB): D/IRAM[0m
[0;32mI (560) heap_init: At 3FFE4350 len 0001BCB0 (111 KiB): D/IRAM[0m
[0;32mI (566) heap_init: At 40099174 len 00006E8C (27 KiB): IRAM[0m
[0;32mI (574) spi_flash: detected chip: generic[0m
[0;32mI (577) spi_flash: flash io: dio[0m
[0;33mW (581) spi_flash: Detected size(4096k) larger than the size in the binary image header(2048k). Using the size in the binary image header.[0m
[0;33mW (594) i2c: This driver is an old driver, please migrate your application code to adapt `driver/i2c_master.h`[0m
[0;32mI (606) main_task: Started on CPU0[0m
[0;32mI (616) main_task: Calling app_main()[0m
[0;32mI (646) wifi:wifi driver task: 3ffc3198, prio:23, stack:6656, core=0[0m
[0;32mI (656) wifi:wifi firmware version: ccaebfa[0m
[0;32mI (656) wifi:wifi certification version: v7.0[0m
[0;32mI (656) wifi:config NVS flash: enabled[0m
[0;32mI (656) wifi:config nano formating: disabled[0m
[0;32mI (656) wifi:Init data frame dynamic rx buffer num: 32[0m
[0;32mI (666) wifi:Init static rx mgmt buffer num: 5[0m
[0;32mI (666) wifi:Init management short buffer num: 32[0m
[0;32mI (676) wifi:Init dynamic tx buffer num: 32[0m
[0;32mI (676) wifi:Init static rx buffer size: 1600[0m
[0;32mI (686) wifi:Init static rx buffer num: 10[0m
[0;32mI (686) wifi:Init dynamic rx buffer num: 32[0m
[0;32mI (686) wifi_init: rx ba win: 6[0m
[0;32mI (696) wifi_init: accept mbox: 6[0m
[0;32mI (696) wifi_init: tcpip mbox: 32[0m
[0;32mI (696) wifi_init: udp mbox: 6[0m
[0;32mI (706) wifi_init: tcp mbox: 6[0m
[0;32mI (706) wifi_init: tcp tx win: 5760[0m
[0;32mI (716) wifi_init: tcp rx win: 5760[0m
[0;32mI (716) wifi_init: tcp mss: 1440[0m
[0;32mI (716) wifi_init: WiFi IRAM OP enabled[0m
[0;32mI (726) wifi_init: WiFi RX IRAM OP enabled[0m
[0;33mW (726) wifi:Password length matches WPA2 standards, authmode threshold changes from OPEN to WPA2[0m
[0;32mI (736) phy_init: phy_version 4830,54550f7,Jun 20 2024,14:22:08[0m
ï¿½ets Jun  8 2016 00:22:57

rst:0x3 (SW_RESET),boot:0x13 (SPI_FAST_FLASH_BOOT)
configsip: 0, SPIWP:0xee
clk_drv:0x00,q_drv:0x00,d_drv:0x00,cs0_drv:0x00,hd_drv:0x00,wp_drv:0x00
mode:DIO, clock div:2
load:0x3fff0030,len:7176
load:0x40078000,len:15564
ho 0 tail 12 room 4
load:0x40080400,len:4
load:0x40080404,len:3904
entry 0x40080640
[0;32mI (60) boot: ESP-IDF v5.3.1 2nd stage bootloader[0m
[0;32mI (60) boot: compile time Mar 21 2025 12:30:20[0m
[0;32mI (60) boot: Multicore bootloader[0m
[0;32mI (65) boot: chip revision: v1.1[0m
[0;32mI (69) boot.esp32: SPI Speed      : 40MHz[0m
[0;32mI (74) boot.esp32: SPI Mode       : DIO[0m
[0;32mI (78) boot.esp32: SPI Flash Size : 2MB[0m
[0;32mI (83) boot: Enabling RNG early entropy source...[0m
[0;32mI (88) boot: Partition Table:[0m
[0;32mI (92) boot: ## Label            Usage          Type ST Offset   Length[0m
[0;32mI (99) boot:  0 nvs              WiFi data        01 02 00009000 00006000[0m
[0;32mI (106) boot:  1 phy_init         RF data          01 01 0000f000 00001000[0m
[0;32mI (114) boot:  2 factory          factory app      00 00 00010000 00100000[0m
[0;32mI (122) boot: End of partition table[0m
[0;32mI (126) esp_image: segment 0: paddr=00010020 vaddr=3f400020 size=27ad8h (162520) map[0m
[0;32mI (190) esp_image: segment 1: paddr=00037b00 vaddr=3ffb0000 size=0508ch ( 20620) load[0m
[0;32mI (198) esp_image: segment 2: paddr=0003cb94 vaddr=40080000 size=03484h ( 13444) load[0m
[0;32mI (203) esp_image: segment 3: paddr=00040020 vaddr=400d0020 size=9b868h (637032) map[0m
[0;32mI (423) esp_image: segment 4: paddr=000db890 vaddr=40083484 size=15cf0h ( 89328) load[0m
[0;32mI (471) boot: Loaded app from partition at offset 0x10000[0m
[0;32mI (471) boot: Disabling RNG early entropy source...[0m
[0;32mI (483) cpu_start: Multicore app[0m
[0;32mI (491) cpu_start: Pro cpu start user code[0m
[0;32mI (491) cpu_start: cpu freq: 160000000 Hz[0m
[0;32mI (491) app_init: Application information:[0m
[0;32mI (494) app_init: Project name:     hello_world[0m
[0;32mI (499) app_init: App version:      1[0m
[0;32mI (504) app_init: Compile time:     Mar 21 2025 12:29:34[0m
[0;32mI (510) app_init: ELF file SHA256:  cbeb31234...[0m
[0;32mI (515) app_init: ESP-IDF:          v5.3.1[0m
[0;32mI (520) efuse_init: Min chip rev:     v0.0[0m
[0;32mI (524) efuse_init: Max chip rev:     v3.99 [0m
[0;32mI (529) efuse_init: Chip rev:         v1.1[0m
[0;32mI (534) heap_init: Initializing. RAM available for dynamic allocation:[0m
[0;32mI (541) heap_init: At 3FFAE6E0 len 00001920 (6 KiB): DRAM[0m
[0;32mI (547) heap_init: At 3FFBB290 len 00024D70 (147 KiB): DRAM[0m
[0;32mI (554) heap_init: At 3FFE0440 len 00003AE0 (14 KiB): D/IRAM[0m
[0;32mI (560) heap_init: At 3FFE4350 len 0001BCB0 (111 KiB): D/IRAM[0m
[0;32mI (566) heap_init: At 40099174 len 00006E8C (27 KiB): IRAM[0m
[0;32mI (574) spi_flash: detected chip: generic[0m
[0;32mI (577) spi_flash: flash io: dio[0m
[0;33mW (581) spi_flash: Detected size(4096k) larger than the size in the binary image header(2048k). Using the size in the binary image header.[0m
[0;33mW (594) i2c: This driver is an old driver, please migrate your application code to adapt `driver/i2c_master.h`[0m
[0;32mI (606) main_task: Started on CPU0[0m
[0;32mI (616) main_task: Calling app_main()[0m
[0;32mI (646) wifi:wifi driver task: 3ffc3198, prio:23, stack:6656, core=0[0m
[0;32mI (656) wifi:wifi firmware version: ccaebfa[0m
[0;32mI (656) wifi:wifi certification version: v7.0[0m
[0;32mI (656) wifi:config NVS flash: enabled[0m
[0;32mI (656) wifi:config nano formating: disabled[0m
[0;32mI (656) wifi:Init data frame dynamic rx buffer num: 32[0m
[0;32mI (666) wifi:Init static rx mgmt buffer num: 5[0m
[0;32mI (666) wifi:Init management short buffer num: 32[0m
[0;32mI (676) wifi:Init dynamic tx buffer num: 32[0m
[0;32mI (676) wifi:Init static rx buffer size: 1600[0m
[0;32mI (686) wifi:Init static rx buffer num: 10[0m
[0;32mI (686) wifi:Init dynamic rx buffer num: 32[0m
[0;32mI (686) wifi_init: rx ba win: 6[0m
[0;32mI (696) wifi_init: accept mbox: 6[0m
[0;32mI (696) wifi_init: tcpip mbox: 32[0m
[0;32mI (696) wifi_init: udp mbox: 6[0m
[0;32mI (706) wifi_init: tcp mbox: 6[0m
[0;32mI (706) wifi_init: tcp tx win: 5760[0m
[0;32mI (716) wifi_init: tcp rx win: 5760[0m
[0;32mI (716) wifi_init: tcp mss: 1440[0m
[0;32mI (716) wifi_init: WiFi IRAM OP enabled[0m
[0;32mI (726) wifi_init: WiFi RX IRAM OP enabled[0m
[0;33mW (726) wifi:Password length matches WPA2 standards, authmode threshold changes from OPEN to WPA2[0m
[0;32mI (736) phy_init: phy_version 4830,54550f7,Jun 20 2024,14:22:08[0m
ï¿½ets Jun  8 2016 00:22:57

rst:0x3 (SW_RESET),boot:0x13 (SPI_FAST_FLASH_BOOT)
configsip: 0, SPIWP:0xee
clk_drv:0x00,q_drv:0x00,d_drv:0x00,cs0_drv:0x00,hd_drv:0x00,wp_drv:0x00
mode:DIO, clock div:2
load:0x3fff0030,len:7176
load:0x40078000,len:15564
ho 0 tail 12 room 4
load:0x40080400,len:4
load:0x40080404,len:3904
entry 0x40080640
[0;32mI (60) boot: ESP-IDF v5.3.1 2nd stage bootloader[0m
[0;32mI (60) boot: compile time Mar 21 2025 12:30:20[0m
[0;32mI (60) boot: Multicore bootloader[0m
[0;32mI (65) boot: chip revision: v1.1[0m
[0;32mI (69) boot.esp32: SPI Speed      : 40MHz[0m
[0;32mI (74) boot.esp32: SPI Mode       : DIO[0m
[0;32mI (78) boot.esp32: SPI Flash Size : 2MB[0m
[0;32mI (83) boot: Enabling RNG early entropy source...[0m
[0;32mI (88) boot: Partition Table:[0m
[0;32mI (92) boot: ## Label            Usage          Type ST Offset   Length[0m
[0;32mI (99) boot:  0 nvs              WiFi data        01 02 00009000 00006000[0m
[0;32mI (106) boot:  1 phy_init         RF data          01 01 0000f000 00001000[0m
[0;32mI (114) boot:  2 factory          factory app      00 00 00010000 00100000[0m
[0;32mI (122) boot: End of partition table[0m
[0;32mI (126) esp_image: segment 0: paddr=00010020 vaddr=3f400020 size=27ad8h (162520) map[0m
[0;32mI (190) esp_image: segment 1: paddr=00037b00 vaddr=3ffb0000 size=0508ch ( 20620) load[0m
[0;32mI (198) esp_image: segment 2: paddr=0003cb94 vaddr=40080000 size=03484h ( 13444) load[0m
[0;32mI (203) esp_image: segment 3: paddr=00040020 vaddr=400d0020 size=9b868h (637032) map[0m
[0;32mI (423) esp_image: segment 4: paddr=000db890 vaddr=40083484 size=15cf0h ( 89328) load[0m
[0;32mI (471) boot: Loaded app from partition at offset 0x10000[0m
[0;32mI (471) boot: Disabling RNG early entropy source...[0m
[0;32mI (483) cpu_start: Multicore app[0m
[0;32mI (491) cpu_start: Pro cpu start user code[0m
[0;32mI (491) cpu_start: cpu freq: 160000000 Hz[0m
[0;32mI (491) app_init: Application information:[0m
[0;32mI (494) app_init: Project name:     hello_world[0m
[0;32mI (499) app_init: App version:      1[0m
[0;32mI (504) app_init: Compile time:     Mar 21 2025 12:29:34[0m
[0;32mI (510) app_init: ELF file SHA256:  cbeb31234...[0m
[0;32mI (515) app_init: ESP-IDF:          v5.3.1[0m
[0;32mI (520) efuse_init: Min chip rev:     v0.0[0m
[0;32mI (524) efuse_init: Max chip rev:     v3.99 [0m
[0;32mI (529) efuse_init: Chip rev:         v1.1[0m
[0;32mI (534) heap_init: Initializing. RAM available for dynamic allocation:[0m
[0;32mI (541) heap_init: At 3FFAE6E0 len 00001920 (6 KiB): DRAM[0m
[0;32mI (547) heap_init: At 3FFBB290 len 00024D70 (147 KiB): DRAM[0m
[0;32mI (554) heap_init: At 3FFE0440 len 00003AE0 (14 KiB): D/IRAM[0m
[0;32mI (560) heap_init: At 3FFE4350 len 0001BCB0 (111 KiB): D/IRAM[0m
[0;32mI (566) heap_init: At 40099174 len 00006E8C (27 KiB): IRAM[0m
[0;32mI (574) spi_flash: detected chip: generic[0m
[0;32mI (577) spi_flash: flash io: dio[0m
[0;33mW (581) spi_flash: Detected size(4096k) larger than the size in the binary image header(2048k). Using the size in the binary image header.[0m
[0;33mW (594) i2c: This driver is an old driver, please migrate your application code to adapt `driver/i2c_master.h`[0m
[0;32mI (606) main_task: Started on CPU0[0m
[0;32mI (616) main_task: Calling app_main()[0m
[0;32mI (646) wifi:wifi driver task: 3ffc3198, prio:23, stack:6656, core=0[0m
[0;32mI (656) wifi:wifi firmware version: ccaebfa[0m
[0;32mI (656) wifi:wifi certification version: v7.0[0m
[0;32mI (656) wifi:config NVS flash: enabled[0m
[0;32mI (656) wifi:config nano formating: disabled[0m
[0;32mI (656) wifi:Init data frame dynamic rx buffer num: 32[0m
[0;32mI (666) wifi:Init static rx mgmt buffer num: 5[0m
[0;32mI (666) wifi:Init management short buffer num: 32[0m
[0;32mI (676) wifi:Init dynamic tx buffer num: 32[0m
[0;32mI (676) wifi:Init static rx buffer size: 1600[0m
[0;32mI (686) wifi:Init static rx buffer num: 10[0m
[0;32mI (686) wifi:Init dynamic rx buffer num: 32[0m
[0;32mI (686) wifi_init: rx ba win: 6[0m
[0;32mI (696) wifi_init: accept mbox: 6[0m
[0;32mI (696) wifi_init: tcpip mbox: 32[0m
[0;32mI (696) wifi_init: udp mbox: 6[0m
[0;32mI (706) wifi_init: tcp mbox: 6[0m
[0;32mI (706) wifi_init: tcp tx win: 5760[0m
[0;32mI (716) wifi_init: tcp rx win: 5760[0m
[0;32mI (716) wifi_init: tcp mss: 1440[0m
[0;32mI (716) wifi_init: WiFi IRAM OP enabled[0m
[0;32mI (726) wifi_init: WiFi RX IRAM OP enabled[0m
[0;33mW (726) wifi:Password length matches WPA2 standards, authmode threshold changes from OPEN to WPA2[0m
[0;32mI (736) phy_init: phy_version 4830,54550f7,Jun 20 2024,14:22:08[0m
ï¿½ets Jun  8 2016 00:22:57

rst:0x3 (SW_RESET),boot:0x13 (SPI_FAST_FLASH_BOOT)
configsip: 0, SPIWP:0xee
clk_drv:0x00,q_drv:0x00,d_drv:0x00,cs0_drv:0x00,hd_drv:0x00,wp_drv:0x00
mode:DIO, clock div:2
load:0x3fff0030,len:7176
load:0x40078000,len:15564
ho 0 tail 12 room 4
load:0x40080400,len:4
load:0x40080404,len:3904
entry 0x40080640
[0;32mI (60) boot: ESP-IDF v5.3.1 2nd stage bootloader[0m
[0;32mI (60) boot: compile time Mar 21 2025 12:30:20[0m
[0;32mI (60) boot: Multicore bootloader[0m
[0;32mI (65) boot: chip revision: v1.1[0m
[0;32mI (69) boot.esp32: SPI Speed      : 40MHz[0m
[0;32mI (74) boot.esp32: SPI Mode       : DIO[0m
[0;32mI (78) boot.esp32: SPI Flash Size : 2MB[0m
[0;32mI (83) boot: Enabling RNG early entropy source...[0m
[0;32mI (88) boot: Partition Table:[0m
[0;32mI (92) boot: ## Label            Usage          Type ST Offset   Length[0m
[0;32mI (99) boot:  0 nvs              WiFi data        01 02 00009000 00006000[0m
[0;32mI (106) boot:  1 phy_init         RF data          01 01 0000f000 00001000[0m
[0;32mI (114) boot:  2 factory          factory app      00 00 00010000 00100000[0m
[0;32mI (122) boot: End of partition table[0m
[0;32mI (126) esp_image: segment 0: paddr=00010020 vaddr=3f400020 size=27ad8h (162520) map[0m
[0;32mI (190) esp_image: segment 1: paddr=00037b00 vaddr=3ffb0000 size=0508ch ( 20620) load[0m
[0;32mI (198) esp_image: segment 2: paddr=0003cb94 vaddr=40080000 size=03484h ( 13444) load[0m
[0;32mI (203) esp_image: segment 3: paddr=00040020 vaddr=400d0020 size=9b868h (637032) map[0m
[0;32mI (423) esp_image: segment 4: paddr=000db890 vaddr=40083484 size=15cf0h ( 89328) load[0m
[0;32mI (471) boot: Loaded app from partition at offset 0x10000[0m
[0;32mI (471) boot: Disabling RNG early entropy source...[0m
[0;32mI (483) cpu_start: Multicore app[0m
[0;32mI (491) cpu_start: Pro cpu start user code[0m
[0;32mI (491) cpu_start: cpu freq: 160000000 Hz[0m
[0;32mI (491) app_init: Application information:[0m
[0;32mI (494) app_init: Project name:     hello_world[0m
[0;32mI (499) app_init: App version:      1[0m
[0;32mI (504) app_init: Compile time:     Mar 21 2025 12:29:34[0m
[0;32mI (510) app_init: ELF file SHA256:  cbeb31234...[0m
[0;32mI (515) app_init: ESP-IDF:          v5.3.1[0m
[0;32mI (520) efuse_init: Min chip rev:     v0.0[0m
[0;32mI (524) efuse_init: Max chip rev:     v3.99 [0m
[0;32mI (529) efuse_init: Chip rev:         v1.1[0m
[0;32mI (534) heap_init: Initializing. RAM available for dynamic allocation:[0m
[0;32mI (542) heap_init: At 3FFAE6E0 len 00001920 (6 KiB): DRAM[0m
[0;32mI (547) heap_init: At 3FFBB290 len 00024D70 (147 KiB): DRAM[0m
[0;32mI (554) heap_init: At 3FFE0440 len 00003AE0 (14 KiB): D/IRAM[0m
[0;32mI (560) heap_init: At 3FFE4350 len 0001BCB0 (111 KiB): D/IRAM[0m
[0;32mI (566) heap_init: At 40099174 len 00006E8C (27 KiB): IRAM[0m
[0;32mI (574) spi_flash: detected chip: generic[0m
[0;32mI (577) spi_flash: flash io: dio[0m
[0;33mW (581) spi_flash: Detected size(4096k) larger than the size in the binary image header(2048k). Using the size in the binary image header.[0m
[0;33mW (594) i2c: This driver is an old driver, please migrate your application code to adapt `driver/i2c_master.h`[0m
[0;32mI (606) main_task: Started on CPU0[0m
[0;32mI (616) main_task: Calling app_main()[0m
[0;32mI (646) wifi:wifi driver task: 3ffc3198, prio:23, stack:6656, core=0[0m
[0;32mI (656) wifi:wifi firmware version: ccaebfa[0m
[0;32mI (656) wifi:wifi certification version: v7.0[0m
[0;32mI (656) wifi:config NVS flash: enabled[0m
[0;32mI (656) wifi:config nano formating: disabled[0m
[0;32mI (656) wifi:Init data frame dynamic rx buffer num: 32[0m
[0;32mI (666) wifi:Init static rx mgmt buffer num: 5[0m
[0;32mI (666) wifi:Init management short buffer num: 32[0m
[0;32mI (676) wifi:Init dynamic tx buffer num: 32[0m
[0;32mI (676) wifi:Init static rx buffer size: 1600[0m
[0;32mI (686) wifi:Init static rx buffer num: 10[0m
[0;32mI (686) wifi:Init dynamic rx buffer num: 32[0m
[0;32mI (686) wifi_init: rx ba win: 6[0m
[0;32mI (696) wifi_init: accept mbox: 6[0m
[0;32mI (696) wifi_init: tcpip mbox: 32[0m
[0;32mI (696) wifi_init: udp mbox: 6[0m
[0;32mI (706) wifi_init: tcp mbox: 6[0m
[0;32mI (706) wifi_init: tcp tx win: 5760[0m
[0;32mI (716) wifi_init: tcp rx win: 5760[0m
[0;32mI (716) wifi_init: tcp mss: 1440[0m
[0;32mI (716) wifi_init: WiFi IRAM OP enabled[0m
[0;32mI (726) wifi_init: WiFi RX IRAM OP enabled[0m
[0;33mW (726) wifi:Password length matches WPA2 standards, authmode threshold changes from OPEN to WPA2[0m
[0;32mI (736) phy_init: phy_version 4830,54550f7,Jun 20 2024,14:22:08[0m
ï¿½ets Jun  8 2016 00:22:57

rst:0x3 (SW_RESET),boot:0x13 (SPI_FAST_FLASH_BOOT)
configsip: 0, SPIWP:0xee
clk_drv:0x00,q_drv:0x00,d_drv:0x00,cs0_drv:0x00,hd_drv:0x00,wp_drv:0x00
mode:DIO, clock div:2
load:0x3fff0030,len:7176
load:0x40078000,len:15564
ho 0 tail 12 room 4
load:0x40080400,len:4
load:0x40080404,len:3904
entry 0x40080640
[0;32mI (60) boot: ESP-IDF v5.3.1 2nd stage bootloader[0m
[0;32mI (60) boot: compile time Mar 21 2025 12:30:20[0m
[0;32mI (60) boot: Multicore bootloader[0m
[0;32mI (65) boot: chip revision: v1.1[0m
[0;32mI (69) boot.esp32: SPI Speed      : 40MHz[0m
[0;32mI (74) boot.esp32: SPI Mode       : DIO[0m
[0;32mI (78) boot.esp32: SPI Flash Size : 2MB[0m
[0;32mI (83) boot: Enabling RNG early entropy source...[0m
[0;32mI (88) boot: Partition Table:[0m
[0;32mI (92) boot: ## Label            Usage          Type ST Offset   Length[0m
[0;32mI (99) boot:  0 nvs              WiFi data        01 02 00009000 00006000[0m
[0;32mI (106) boot:  1 phy_init         RF data          01 01 0000f000 00001000[0m
[0;32mI (114) boot:  2 factory          factory app      00 00 00010000 00100000[0m
[0;32mI (122) boot: End of partition table[0m
[0;32mI (126) esp_image: segment 0: paddr=00010020 vaddr=3f400020 size=27ad8h (162520) map[0m
[0;32mI (190) esp_image: segment 1: paddr=00037b00 vaddr=3ffb0000 size=0508ch ( 20620) load[0m
[0;32mI (198) esp_image: segment 2: paddr=0003cb94 vaddr=40080000 size=03484h ( 13444) load[0m
[0;32mI (203) esp_image: segment 3: paddr=00040020 vaddr=400d0020 size=9b868h (637032) map[0m
[0;32mI (423) esp_image: segment 4: paddr=000db890 vaddr=40083484 size=15cf0h ( 89328) load[0m
[0;32mI (471) boot: Loaded app from partition at offset 0x10000[0m
[0;32mI (471) boot: Disabling RNG early entropy source...[0m
[0;32mI (483) cpu_start: Multicore app[0m
[0;32mI (491) cpu_start: Pro cpu start user code[0m
[0;32mI (491) cpu_start: cpu freq: 160000000 Hz[0m
[0;32mI (491) app_init: Application information:[0m
[0;32mI (494) app_init: Project name:     hello_world[0m
[0;32mI (499) app_init: App version:      1[0m
[0;32mI (504) app_init: Compile time:     Mar 21 2025 12:29:34[0m
[0;32mI (510) app_init: ELF file SHA256:  cbeb31234...[0m
[0;32mI (515) app_init: ESP-IDF:          v5.3.1[0m
[0;32mI (520) efuse_init: Min chip rev:     v0.0[0m
[0;32mI (524) efuse_init: Max chip rev:     v3.99 [0m
[0;32mI (529) efuse_init: Chip rev:         v1.1[0m
[0;32mI (534) heap_init: Initializing. RAM available for dynamic allocation:[0m
[0;32mI (541) heap_init: At 3FFAE6E0 len 00001920 (6 KiB): DRAM[0m
[0;32mI (547) heap_init: At 3FFBB290 len 00024D70 (147 KiB): DRAM[0m
[0;32mI (554) heap_init: At 3FFE0440 len 00003AE0 (14 KiB): D/IRAM[0m
[0;32mI (560) heap_init: At 3FFE4350 len 0001BCB0 (111 KiB): D/IRAM[0m
[0;32mI (566) heap_init: At 40099174 len 00006E8C (27 KiB): IRAM[0m
[0;32mI (574) spi_flash: detected chip: generic[0m
[0;32mI (577) spi_flash: flash io: dio[0m
[0;33mW (581) spi_flash: Detected size(4096k) larger than the size in the binary image header(2048k). Using the size in the binary image header.[0m
[0;33mW (594) i2c: This driver is an old driver, please migrate your application code to adapt `driver/i2c_master.h`[0m
[0;32mI (606) main_task: Started on CPU0[0m
[0;32mI (616) main_task: Calling app_main()[0m
[0;32mI (646) wifi:wifi driver task: 3ffc3198, prio:23, stack:6656, core=0[0m
[0;32mI (656) wifi:wifi firmware version: ccaebfa[0m
[0;32mI (656) wifi:wifi certification version: v7.0[0m
[0;32mI (656) wifi:config NVS flash: enabled[0m
[0;32mI (656) wifi:config nano formating: disabled[0m
[0;32mI (656) wifi:Init data frame dynamic rx buffer num: 32[0m
[0;32mI (666) wifi:Init static rx mgmt buffer num: 5[0m
[0;32mI (666) wifi:Init management short buffer num: 32[0m
[0;32mI (676) wifi:Init dynamic tx buffer num: 32[0m
[0;32mI (676) wifi:Init static rx buffer size: 1600[0m
[0;32mI (686) wifi:Init static rx buffer num: 10[0m
[0;32mI (686) wifi:Init dynamic rx buffer num: 32[0m
[0;32mI (686) wifi_init: rx ba win: 6[0m
[0;32mI (696) wifi_init: accept mbox: 6[0m
[0;32mI (696) wifi_init: tcpip mbox: 32[0m
[0;32mI (696) wifi_init: udp mbox: 6[0m
[0;32mI (706) wifi_init: tcp mbox: 6[0m
[0;32mI (706) wifi_init: tcp tx win: 5760[0m
[0;32mI (716) wifi_init: tcp rx win: 5760[0m
[0;32mI (716) wifi_init: tcp mss: 1440[0m
[0;32mI (716) wifi_init: WiFi IRAM OP enabled[0m
[0;32mI (726) wifi_init: WiFi RX IRAM OP enabled[0m
[0;33mW (726) wifi:Password length matches WPA2 standards, authmode threshold changes from OPEN to WPA2[0m
[0;32mI (736) phy_init: phy_version 4830,54550f7,Jun 20 2024,14:22:08[0m
ï¿½ets Jun  8 2016 00:22:57

rst:0x3 (SW_RESET),boot:0x13 (SPI_FAST_FLASH_BOOT)
configsip: 0, SPIWP:0xee
clk_drv:0x00,q_drv:0x00,d_drv:0x00,cs0_drv:0x00,hd_drv:0x00,wp_drv:0x00
mode:DIO, clock div:2
load:0x3fff0030,len:7176
load:0x40078000,len:15564
ho 0 tail 12 room 4
load:0x40080400,len:4
load:0x40080404,len:3904
entry 0x40080640
[0;32mI (60) boot: ESP-IDF v5.3.1 2nd stage bootloader[0m
[0;32mI (60) boot: compile time Mar 21 2025 12:30:20[0m
[0;32mI (60) boot: Multicore bootloader[0m
[0;32mI (65) boot: chip revision: v1.1[0m
[0;32mI (69) boot.esp32: SPI Speed      : 40MHz[0m
[0;32mI (74) boot.esp32: SPI Mode       : DIO[0m
[0;32mI (78) boot.esp32: SPI Flash Size : 2MB[0m
[0;32mI (83) boot: Enabling RNG early entropy source...[0m
[0;32mI (88) boot: Partition Table:[0m
[0;32mI (92) boot: ## Label            Usage          Type ST Offset   Length[0m
[0;32mI (99) boot:  0 nvs              WiFi data        01 02 00009000 00006000[0m
[0;32mI (106) boot:  1 phy_init         RF data          01 01 0000f000 00001000[0m
[0;32mI (114) boot:  2 factory          factory app      00 00 00010000 00100000[0m
[0;32mI (122) boot: End of partition table[0m
[0;32mI (126) esp_image: segment 0: paddr=00010020 vaddr=3f400020 size=27ad8h (162520) map[0m
[0;32mI (190) esp_image: segment 1: paddr=00037b00 vaddr=3ffb0000 size=0508ch ( 20620) load[0m
[0;32mI (198) esp_image: segment 2: paddr=0003cb94 vaddr=40080000 size=03484h ( 13444) load[0m
[0;32mI (203) esp_image: segment 3: paddr=00040020 vaddr=400d0020 size=9b868h (637032) map[0m
[0;32mI (423) esp_image: segment 4: paddr=000db890 vaddr=40083484 size=15cf0h ( 89328) load[0m
[0;32mI (471) boot: Loaded app from partition at offset 0x10000[0m
[0;32mI (471) boot: Disabling RNG early entropy source...[0m
[0;32mI (483) cpu_start: Multicore app[0m
[0;32mI (491) cpu_start: Pro cpu start user code[0m
[0;32mI (491) cpu_start: cpu freq: 160000000 Hz[0m
[0;32mI (491) app_init: Application information:[0m
[0;32mI (494) app_init: Project name:     hello_world[0m
[0;32mI (499) app_init: App version:      1[0m
[0;32mI (504) app_init: Compile time:     Mar 21 2025 12:29:34[0m
[0;32mI (510) app_init: ELF file SHA256:  cbeb31234...[0m
[0;32mI (515) app_init: ESP-IDF:          v5.3.1[0m
[0;32mI (520) efuse_init: Min chip rev:     v0.0[0m
[0;32mI (524) efuse_init: Max chip rev:     v3.99 [0m
[0;32mI (529) efuse_init: Chip rev:         v1.1[0m
[0;32mI (534) heap_init: Initializing. RAM available for dynamic allocation:[0m
[0;32mI (541) heap_init: At 3FFAE6E0 len 00001920 (6 KiB): DRAM[0m
[0;32mI (547) heap_init: At 3FFBB290 len 00024D70 (147 KiB): DRAM[0m
[0;32mI (554) heap_init: At 3FFE0440 len 00003AE0 (14 KiB): D/IRAM[0m
[0;32mI (560) heap_init: At 3FFE4350 len 0001BCB0 (111 KiB): D/IRAM[0m
[0;32mI (566) heap_init: At 40099174 len 00006E8C (27 KiB): IRAM[0m
[0;32mI (574) spi_flash: detected chip: generic[0m
[0;32mI (577) spi_flash: flash io: dio[0m
[0;33mW (581) spi_flash: Detected size(4096k) larger than the size in the binary image header(2048k). Using the size in the binary image header.[0m
[0;33mW (594) i2c: This driver is an old driver, please migrate your application code to adapt `driver/i2c_master.h`[0m
[0;32mI (606) main_task: Started on CPU0[0m
[0;32mI (616) main_task: Calling app_main()[0m
[0;32mI (646) wifi:wifi driver task: 3ffc3198, prio:23, stack:6656, core=0[0m
[0;32mI (656) wifi:wifi firmware version: ccaebfa[0m
[0;32mI (656) wifi:wifi certification version: v7.0[0m
[0;32mI (656) wifi:config NVS flash: enabled[0m
[0;32mI (656) wifi:config nano formating: disabled[0m
[0;32mI (656) wifi:Init data frame dynamic rx buffer num: 32[0m
[0;32mI (666) wifi:Init static rx mgmt buffer num: 5[0m
[0;32mI (666) wifi:Init management short buffer num: 32[0m
[0;32mI (676) wifi:Init dynamic tx buffer num: 32[0m
[0;32mI (676) wifi:Init static rx buffer size: 1600[0m
[0;32mI (686) wifi:Init static rx buffer num: 10[0m
[0;32mI (686) wifi:Init dynamic rx buffer num: 32[0m
[0;32mI (686) wifi_init: rx ba win: 6[0m
[0;32mI (696) wifi_init: accept mbox: 6[0m
[0;32mI (696) wifi_init: tcpip mbox: 32[0m
[0;32mI (696) wifi_init: udp mbox: 6[0m
[0;32mI (706) wifi_init: tcp mbox: 6[0m
[0;32mI (706) wifi_init: tcp tx win: 5760[0m
[0;32mI (716) wifi_init: tcp rx win: 5760[0m
[0;32mI (716) wifi_init: tcp mss: 1440[0m
[0;32mI (716) wifi_init: WiFi IRAM OP enabled[0m
[0;32mI (726) wifi_init: WiFi RX IRAM OP enabled[0m
[0;33mW (726) wifi:Password length matches WPA2 standards, authmode threshold changes from OPEN to WPA2[0m
[0;32mI (736) phy_init: phy_version 4830,54550f7,Jun 20 2024,14:22:08[0m
ï¿½ets Jun  8 2016 00:22:57

rst:0x3 (SW_RESET),boot:0x13 (SPI_FAST_FLASH_BOOT)
configsip: 0, SPIWP:0xee
clk_drv:0x00,q_drv:0x00,d_drv:0x00,cs0_drv:0x00,hd_drv:0x00,wp_drv:0x00
mode:DIO, clock div:2
load:0x3fff0030,len:7176
load:0x40078000,len:15564
ho 0 tail 12 room 4
load:0x40080400,len:4
load:0x40080404,len:3904
entry 0x40080640
[0;32mI (60) boot: ESP-IDF v5.3.1 2nd stage bootloader[0m
[0;32mI (60) boot: compile time Mar 21 2025 12:30:20[0m
[0;32mI (60) boot: Multicore bootloader[0m
[0;32mI (65) boot: chip revision: v1.1[0m
[0;32mI (69) boot.esp32: SPI Speed      : 40MHz[0m
[0;32mI (74) boot.esp32: SPI Mode       : DIO[0m
[0;32mI (78) boot.esp32: SPI Flash Size : 2MB[0m
[0;32mI (83) boot: Enabling RNG early entropy source...[0m
[0;32mI (88) boot: Partition Table:[0m
[0;32mI (92) boot: ## Label            Usage          Type ST Offset   Length[0m
[0;32mI (99) boot:  0 nvs              WiFi data        01 02 00009000 00006000[0m
[0;32mI (106) boot:  1 phy_init         RF data          01 01 0000f000 00001000[0m
[0;32mI (114) boot:  2 factory          factory app      00 00 00010000 00100000[0m
[0;32mI (122) boot: End of partition table[0m
[0;32mI (126) esp_image: segment 0: paddr=00010020 vaddr=3f400020 size=27ad8h (162520) map[0m
[0;32mI (190) esp_image: segment 1: paddr=00037b00 vaddr=3ffb0000 size=0508ch ( 20620) load[0m
[0;32mI (198) esp_image: segment 2: paddr=0003cb94 vaddr=40080000 size=03484h ( 13444) load[0m
[0;32mI (203) esp_image: segment 3: paddr=00040020 vaddr=400d0020 size=9b868h (637032) map[0m
[0;32mI (423) esp_image: segment 4: paddr=000db890 vaddr=40083484 size=15cf0h ( 89328) load[0m
[0;32mI (471) boot: Loaded app from partition at offset 0x10000[0m
[0;32mI (471) boot: Disabling RNG early entropy source...[0m
[0;32mI (483) cpu_start: Multicore app[0m
[0;32mI (491) cpu_start: Pro cpu start user code[0m
[0;32mI (491) cpu_start: cpu freq: 160000000 Hz[0m
[0;32mI (491) app_init: Application information:[0m
[0;32mI (494) app_init: Project name:     hello_world[0m
[0;32mI (499) app_init: App version:      1[0m
[0;32mI (504) app_init: Compile time:     Mar 21 2025 12:29:34[0m
[0;32mI (510) app_init: ELF file SHA256:  cbeb31234...[0m
[0;32mI (515) app_init: ESP-IDF:          v5.3.1[0m
[0;32mI (520) efuse_init: Min chip rev:     v0.0[0m
[0;32mI (524) efuse_init: Max chip rev:     v3.99 [0m
[0;32mI (529) efuse_init: Chip rev:         v1.1[0m
[0;32mI (534) heap_init: Initializing. RAM available for dynamic allocation:[0m
[0;32mI (541) heap_init: At 3FFAE6E0 len 00001920 (6 KiB): DRAM[0m
[0;32mI (547) heap_init: At 3FFBB290 len 00024D70 (147 KiB): DRAM[0m
[0;32mI (554) heap_init: At 3FFE0440 len 00003AE0 (14 KiB): D/IRAM[0m
[0;32mI (560) heap_init: At 3FFE4350 len 0001BCB0 (111 KiB): D/IRAM[0m
[0;32mI (566) heap_init: At 40099174 len 00006E8C (27 KiB): IRAM[0m
[0;32mI (574) spi_flash: detected chip: generic[0m
[0;32mI (577) spi_flash: flash io: dio[0m
[0;33mW (581) spi_flash: Detected size(4096k) larger than the size in the binary image header(2048k). Using the size in the binary image header.[0m
[0;33mW (594) i2c: This driver is an old driver, please migrate your application code to adapt `driver/i2c_master.h`[0m
[0;32mI (606) main_task: Started on CPU0[0m
[0;32mI (616) main_task: Calling app_main()[0m
[0;32mI (646) wifi:wifi driver task: 3ffc3198, prio:23, stack:6656, core=0[0m
[0;32mI (656) wifi:wifi firmware version: ccaebfa[0m
[0;32mI (656) wifi:wifi certification version: v7.0[0m
[0;32mI (656) wifi:config NVS flash: enabled[0m
[0;32mI (656) wifi:config nano formating: disabled[0m
[0;32mI (656) wifi:Init data frame dynamic rx buffer num: 32[0m
[0;32mI (666) wifi:Init static rx mgmt buffer num: 5[0m
[0;32mI (666) wifi:Init management short buffer num: 32[0m
[0;32mI (676) wifi:Init dynamic tx buffer num: 32[0m
[0;32mI (676) wifi:Init static rx buffer size: 1600[0m
[0;32mI (686) wifi:Init static rx buffer num: 10[0m
[0;32mI (686) wifi:Init dynamic rx buffer num: 32[0m
[0;32mI (686) wifi_init: rx ba win: 6[0m
[0;32mI (696) wifi_init: accept mbox: 6[0m
[0;32mI (696) wifi_init: tcpip mbox: 32[0m
[0;32mI (696) wifi_init: udp mbox: 6[0m
[0;32mI (706) wifi_init: tcp mbox: 6[0m
[0;32mI (706) wifi_init: tcp tx win: 5760[0m
[0;32mI (716) wifi_init: tcp rx win: 5760[0m
[0;32mI (716) wifi_init: tcp mss: 1440[0m
[0;32mI (716) wifi_init: WiFi IRAM OP enabled[0m
[0;32mI (726) wifi_init: WiFi RX IRAM OP enabled[0m
[0;33mW (726) wifi:Password length matches WPA2 standards, authmode threshold changes from OPEN to WPA2[0m
[0;32mI (736) phy_init: phy_version 4830,54550f7,Jun 20 2024,14:22:08[0m
ï¿½ets Jun  8 2016 00:22:57

rst:0x3 (SW_RESET),boot:0x13 (SPI_FAST_FLASH_BOOT)
configsip: 0, SPIWP:0xee
clk_drv:0x00,q_drv:0x00,d_drv:0x00,cs0_drv:0x00,hd_drv:0x00,wp_drv:0x00
mode:DIO, clock div:2
load:0x3fff0030,len:7176
load:0x40078000,len:15564
ho 0 tail 12 room 4
load:0x40080400,len:4
load:0x40080404,len:3904
entry 0x40080640
[0;32mI (60) boot: ESP-IDF v5.3.1 2nd stage bootloader[0m
[0;32mI (60) boot: compile time Mar 21 2025 12:30:20[0m
[0;32mI (60) boot: Multicore bootloader[0m
[0;32mI (65) boot: chip revision: v1.1[0m
[0;32mI (69) boot.esp32: SPI Speed      : 40MHz[0m
[0;32mI (74) boot.esp32: SPI Mode       : DIO[0m
[0;32mI (78) boot.esp32: SPI Flash Size : 2MB[0m
[0;32mI (83) boot: Enabling RNG early entropy source...[0m
[0;32mI (88) boot: Partition Table:[0m
[0;32mI (92) boot: ## Label            Usage          Type ST Offset   Length[0m
[0;32mI (99) boot:  0 nvs              WiFi data        01 02 00009000 00006000[0m
[0;32mI (106) boot:  1 phy_init         RF data          01 01 0000f000 00001000[0m
[0;32mI (114) boot:  2 factory          factory app      00 00 00010000 00100000[0m
[0;32mI (122) boot: End of partition table[0m
[0;32mI (126) esp_image: segment 0: paddr=00010020 vaddr=3f400020 size=27ad8h (162520) map[0m
[0;32mI (190) esp_image: segment 1: paddr=00037b00 vaddr=3ffb0000 size=0508ch ( 20620) load[0m
[0;32mI (198) esp_image: segment 2: paddr=0003cb94 vaddr=40080000 size=03484h ( 13444) load[0m
[0;32mI (203) esp_image: segment 3: paddr=00040020 vaddr=400d0020 size=9b868h (637032) map[0m
[0;32mI (423) esp_image: segment 4: paddr=000db890 vaddr=40083484 size=15cf0h ( 89328) load[0m
[0;32mI (471) boot: Loaded app from partition at offset 0x10000[0m
[0;32mI (471) boot: Disabling RNG early entropy source...[0m
[0;32mI (483) cpu_start: Multicore app[0m
[0;32mI (491) cpu_start: Pro cpu start user code[0m
[0;32mI (491) cpu_start: cpu freq: 160000000 Hz[0m
[0;32mI (491) app_init: Application information:[0m
[0;32mI (494) app_init: Project name:     hello_world[0m
[0;32mI (499) app_init: App version:      1[0m
[0;32mI (504) app_init: Compile time:     Mar 21 2025 12:29:34[0m
[0;32mI (510) app_init: ELF file SHA256:  cbeb31234...[0m
[0;32mI (515) app_init: ESP-IDF:          v5.3.1[0m
[0;32mI (520) efuse_init: Min chip rev:     v0.0[0m
[0;32mI (524) efuse_init: Max chip rev:     v3.99 [0m
[0;32mI (529) efuse_init: Chip rev:         v1.1[0m
[0;32mI (534) heap_init: Initializing. RAM available for dynamic allocation:[0m
[0;32mI (541) heap_init: At 3FFAE6E0 len 00001920 (6 KiB): DRAM[0m
[0;32mI (547) heap_init: At 3FFBB290 len 00024D70 (147 KiB): DRAM[0m
[0;32mI (554) heap_init: At 3FFE0440 len 00003AE0 (14 KiB): D/IRAM[0m
[0;32mI (560) heap_init: At 3FFE4350 len 0001BCB0 (111 KiB): D/IRAM[0m
[0;32mI (566) heap_init: At 40099174 len 00006E8C (27 KiB): IRAM[0m
[0;32mI (574) spi_flash: detected chip: generic[0m
[0;32mI (577) spi_flash: flash io: dio[0m
[0;33mW (581) spi_flash: Detected size(4096k) larger than the size in the binary image header(2048k). Using the size in the binary image header.[0m
[0;33mW (594) i2c: This driver is an old driver, please migrate your application code to adapt `driver/i2c_master.h`[0m
[0;32mI (606) main_task: Started on CPU0[0m
[0;32mI (616) main_task: Calling app_main()[0m
[0;32mI (646) wifi:wifi driver task: 3ffc3198, prio:23, stack:6656, core=0[0m
[0;32mI (656) wifi:wifi firmware version: ccaebfa[0m
[0;32mI (656) wifi:wifi certification version: v7.0[0m
[0;32mI (656) wifi:config NVS flash: enabled[0m
[0;32mI (656) wifi:config nano formating: disabled[0m
[0;32mI (656) wifi:Init data frame dynamic rx buffer num: 32[0m
[0;32mI (666) wifi:Init static rx mgmt buffer num: 5[0m
[0;32mI (666) wifi:Init management short buffer num: 32[0m
